******************************************************************************
                  TI ARM Linker PC v18.1.4                     
******************************************************************************
>> Linked Wed Apr 24 08:38:40 2019

OUTPUT FILE NAME:   <DMX512.out>
ENTRY POINT SYMBOL: "_c_int00_noargs"  address: 000012f9


MEMORY CONFIGURATION

         name            origin    length      used     unused   attr    fill
----------------------  --------  ---------  --------  --------  ----  --------
  FLASH                 00000000   00040000  000014db  0003eb25  R  X
  SRAM                  20000000   00008000  00000451  00007baf  RW X


SEGMENT ALLOCATION MAP

run origin  load origin   length   init length attrs members
----------  ----------- ---------- ----------- ----- -------
00000000    00000000    000014e0   000014e0    r-x
  00000000    00000000    0000026c   0000026c    r-- .intvecs
  0000026c    0000026c    00001136   00001136    r-x .text
  000013a2    000013a2    00000101   00000101    r-- .const
  000014a8    000014a8    00000038   00000038    r-- .cinit
20000000    20000000    00000455   00000000    rw-
  20000000    20000000    0000023c   00000000    rw- .bss
  20000240    20000240    00000200   00000000    rw- .stack
  20000440    20000440    00000015   00000000    rw- .data


SECTION ALLOCATION MAP

 output                                  attributes/
section   page    origin      length       input sections
--------  ----  ----------  ----------   ----------------
.intvecs   0    00000000    0000026c     
                  00000000    0000026c     tm4c123gh6pm_startup_ccs.obj (.intvecs)

.text      0    0000026c    00001136     
                  0000026c    00000e7c     satej_matthew.obj (.text)
                  000010e8    0000009c     rtsv7M4_T_le_v4SPD16_eabi.lib : memcpy_t2.asm.obj (.text)
                  00001184    0000007a                                   : memset_t2.asm.obj (.text)
                  000011fe    00000068                                   : copy_decompress_lzss.c.obj (.text:decompress:lzss:__TI_decompress_lzss)
                  00001266    00000002     --HOLE-- [fill = 0]
                  00001268    0000004c                                   : atoi.c.obj (.text:atoi)
                  000012b4    00000044                                   : autoinit.c.obj (.text:__TI_auto_init_nobinit_nopinit:__TI_auto_init_nobinit_nopinit)
                  000012f8    00000038                                   : boot_cortex_m.c.obj (.text:_c_int00_noargs:_c_int00_noargs)
                  00001330    00000018                                   : strcmp.c.obj (.text:strcmp)
                  00001348    00000014                                   : strlen.c.obj (.text:strlen)
                  0000135c    00000012                                   : copy_zero_init.c.obj (.text:decompress:ZI:__TI_zero_init_nomemset:__TI_zero_init_nomemset)
                  0000136e    00000002     --HOLE-- [fill = 0]
                  00001370    00000010                                   : tolower.c.obj (.text:tolower)
                  00001380    0000000e                                   : copy_decompress_none.c.obj (.text:decompress:none:__TI_decompress_none)
                  0000138e    0000000c     tm4c123gh6pm_startup_ccs.obj (.text)
                  0000139a    00000004     rtsv7M4_T_le_v4SPD16_eabi.lib : pre_init.c.obj (.text:_system_pre_init)
                  0000139e    00000004                                   : exit.c.obj (.text:abort:abort)

.const     0    000013a2    00000101     
                  000013a2    00000101     rtsv7M4_T_le_v4SPD16_eabi.lib : ctype.c.obj (.const:.string:_ctypes_)

.cinit     0    000014a8    00000038     
                  000014a8    00000012     (.cinit..data.load) [load image, compression = lzss]
                  000014ba    00000002     --HOLE-- [fill = 0]
                  000014bc    0000000c     (__TI_handler_table)
                  000014c8    00000008     (.cinit..bss.load) [load image, compression = zero_init]
                  000014d0    00000010     (__TI_cinit_table)

.init_array 
*          0    00000000    00000000     UNINITIALIZED

.bss       0    20000000    0000023c     UNINITIALIZED
                  20000000    00000200     (.common:dmxData)
                  20000200    00000014     (.common:arg1)
                  20000214    00000014     (.common:arg2)
                  20000228    00000014     (.common:command)

.data      0    20000440    00000015     UNINITIALIZED
                  20000440    00000015     satej_matthew.obj (.data)

.stack     0    20000240    00000200     UNINITIALIZED
                  20000240    00000004     rtsv7M4_T_le_v4SPD16_eabi.lib : boot_cortex_m.c.obj (.stack)
                  20000244    000001fc     --HOLE--

MODULE SUMMARY

       Module                         code   ro data   rw data
       ------                         ----   -------   -------
    .\
       satej_matthew.obj              3708   0         593    
       tm4c123gh6pm_startup_ccs.obj   12     620       0      
    +--+------------------------------+------+---------+---------+
       Total:                         3720   620       593    
                                                              
    C:\ti\ccsv8\tools\compiler\ti-cgt-arm_18.1.4.LTS\lib\rtsv7M4_T_le_v4SPD16_eabi.lib
       ctype.c.obj                    0      257       0      
       memcpy_t2.asm.obj              156    0         0      
       memset_t2.asm.obj              122    0         0      
       copy_decompress_lzss.c.obj     104    0         0      
       atoi.c.obj                     76     0         0      
       autoinit.c.obj                 68     0         0      
       boot_cortex_m.c.obj            56     0         0      
       strcmp.c.obj                   24     0         0      
       strlen.c.obj                   20     0         0      
       copy_zero_init.c.obj           18     0         0      
       tolower.c.obj                  16     0         0      
       copy_decompress_none.c.obj     14     0         0      
       exit.c.obj                     4      0         0      
       pre_init.c.obj                 4      0         0      
    +--+------------------------------+------+---------+---------+
       Total:                         682    257       0      
                                                              
       Stack:                         0      0         512    
       Linker Generated:              0      54        0      
    +--+------------------------------+------+---------+---------+
       Grand Total:                   4402   931       1105   


LINKER GENERATED COPY TABLES

__TI_cinit_table @ 000014d0 records: 2, size/record: 8, table size: 16
	.data: load addr=000014a8, load size=00000012 bytes, run addr=20000440, run size=00000015 bytes, compression=lzss
	.bss: load addr=000014c8, load size=00000008 bytes, run addr=20000000, run size=0000023c bytes, compression=zero_init


LINKER GENERATED HANDLER TABLE

__TI_handler_table @ 000014bc records: 3, size/record: 4, table size: 12
	index: 0, handler: __TI_decompress_lzss
	index: 1, handler: __TI_decompress_none
	index: 2, handler: __TI_zero_init


GLOBAL SYMBOLS: SORTED ALPHABETICALLY BY Name 

address   name                          
-------   ----                          
0000139f  C$$EXIT                       
2000044e  DMXMode                       
0000138f  ResetISR                      
000004f5  Timer1ISR                     
00000c8d  Uart0Isr                      
000003ab  Uart1Isr                      
20000440  __STACK_END                   
00000200  __STACK_SIZE                  
20000440  __STACK_TOP                   
000014d0  __TI_CINIT_Base               
000014e0  __TI_CINIT_Limit              
000014bc  __TI_Handler_Table_Base       
000014c8  __TI_Handler_Table_Limit      
000012b5  __TI_auto_init_nobinit_nopinit
000011ff  __TI_decompress_lzss          
00001381  __TI_decompress_none          
ffffffff  __TI_pprof_out_hndl           
ffffffff  __TI_prof_data_size           
ffffffff  __TI_prof_data_start          
00000000  __TI_static_base__            
0000135d  __TI_zero_init_nomemset       
00001185  __aeabi_memclr                
00001185  __aeabi_memclr4               
00001185  __aeabi_memclr8               
000010e9  __aeabi_memcpy                
000010e9  __aeabi_memcpy4               
000010e9  __aeabi_memcpy8               
00001187  __aeabi_memset                
00001187  __aeabi_memset4               
00001187  __aeabi_memset8               
ffffffff  __binit__                     
ffffffff  __c_args__                    
UNDEFED   __mpu_init                    
20000240  __stack                       
000012f9  _c_int00_noargs               
000013a2  _ctypes_                      
UNDEFED   _system_post_cinit            
0000139b  _system_pre_init              
0000139f  abort                         
00000f39  animationRamp                 
20000200  arg1                          
20000214  arg2                          
00001269  atoi                          
ffffffff  binit                         
000004cb  changeTimerValue              
00000a59  clearStr                      
20000228  command                       
2000044c  continuous                    
20000441  dec                           
20000448  deviceModeAddress             
20000000  dmxData                       
20000442  enteringField                 
00000000  g_pfnVectors                  
00000601  getcUart0                     
20000440  i                             
20000454  incr                          
0000026d  initHw                        
00000ad1  isLetter                      
00000b29  isNumber                      
00000ff1  main                          
20000444  maxAddress                    
000010e9  memcpy                        
0000118d  memset                        
2000044d  mode                          
000006b1  parseCommand                  
20000443  pos                           
00000583  putcUart0                     
000004af  putcUart1                     
000005bd  putsUart0                     
20000450  rxState                       
00001331  strcmp                        
00001349  strlen                        
00001371  tolower                       
20000453  vall                          
00000b4f  waitMicrosecond               
20000452  woo                           
00000f0b  wooone                        


GLOBAL SYMBOLS: SORTED BY Symbol Address 

address   name                          
-------   ----                          
00000000  __TI_static_base__            
00000000  g_pfnVectors                  
00000200  __STACK_SIZE                  
0000026d  initHw                        
000003ab  Uart1Isr                      
000004af  putcUart1                     
000004cb  changeTimerValue              
000004f5  Timer1ISR                     
00000583  putcUart0                     
000005bd  putsUart0                     
00000601  getcUart0                     
000006b1  parseCommand                  
00000a59  clearStr                      
00000ad1  isLetter                      
00000b29  isNumber                      
00000b4f  waitMicrosecond               
00000c8d  Uart0Isr                      
00000f0b  wooone                        
00000f39  animationRamp                 
00000ff1  main                          
000010e9  __aeabi_memcpy                
000010e9  __aeabi_memcpy4               
000010e9  __aeabi_memcpy8               
000010e9  memcpy                        
00001185  __aeabi_memclr                
00001185  __aeabi_memclr4               
00001185  __aeabi_memclr8               
00001187  __aeabi_memset                
00001187  __aeabi_memset4               
00001187  __aeabi_memset8               
0000118d  memset                        
000011ff  __TI_decompress_lzss          
00001269  atoi                          
000012b5  __TI_auto_init_nobinit_nopinit
000012f9  _c_int00_noargs               
00001331  strcmp                        
00001349  strlen                        
0000135d  __TI_zero_init_nomemset       
00001371  tolower                       
00001381  __TI_decompress_none          
0000138f  ResetISR                      
0000139b  _system_pre_init              
0000139f  C$$EXIT                       
0000139f  abort                         
000013a2  _ctypes_                      
000014bc  __TI_Handler_Table_Base       
000014c8  __TI_Handler_Table_Limit      
000014d0  __TI_CINIT_Base               
000014e0  __TI_CINIT_Limit              
20000000  dmxData                       
20000200  arg1                          
20000214  arg2                          
20000228  command                       
20000240  __stack                       
20000440  __STACK_END                   
20000440  __STACK_TOP                   
20000440  i                             
20000441  dec                           
20000442  enteringField                 
20000443  pos                           
20000444  maxAddress                    
20000448  deviceModeAddress             
2000044c  continuous                    
2000044d  mode                          
2000044e  DMXMode                       
20000450  rxState                       
20000452  woo                           
20000453  vall                          
20000454  incr                          
ffffffff  __TI_pprof_out_hndl           
ffffffff  __TI_prof_data_size           
ffffffff  __TI_prof_data_start          
ffffffff  __binit__                     
ffffffff  __c_args__                    
ffffffff  binit                         
UNDEFED   __mpu_init                    
UNDEFED   _system_post_cinit            

[77 symbols]
