******************************************************************************
                  TI ARM Linker PC v18.1.4                     
******************************************************************************
>> Linked Mon Apr  8 18:07:25 2019

OUTPUT FILE NAME:   <DMX512.out>
ENTRY POINT SYMBOL: "_c_int00_noargs"  address: 00000ea5


MEMORY CONFIGURATION

         name            origin    length      used     unused   attr    fill
----------------------  --------  ---------  --------  --------  ----  --------
  FLASH                 00000000   00040000  00001087  0003ef79  R  X
  SRAM                  20000000   00008000  0000044b  00007bb5  RW X


SEGMENT ALLOCATION MAP

run origin  load origin   length   init length attrs members
----------  ----------- ---------- ----------- ----- -------
00000000    00000000    00001088   00001088    r-x
  00000000    00000000    0000026c   0000026c    r-- .intvecs
  0000026c    0000026c    00000ce2   00000ce2    r-x .text
  00000f4e    00000f4e    00000101   00000101    r-- .const
  00001050    00001050    00000038   00000038    r-- .cinit
20000000    20000000    0000044f   00000000    rw-
  20000000    20000000    0000023c   00000000    rw- .bss
  20000240    20000240    00000200   00000000    rw- .stack
  20000440    20000440    0000000f   00000000    rw- .data


SECTION ALLOCATION MAP

 output                                  attributes/
section   page    origin      length       input sections
--------  ----  ----------  ----------   ----------------
.intvecs   0    00000000    0000026c     
                  00000000    0000026c     tm4c123gh6pm_startup_ccs.obj (.intvecs)

.text      0    0000026c    00000ce2     
                  0000026c    00000aa4     satej_matthew.obj (.text)
                  00000d10    0000009c     rtsv7M4_T_le_v4SPD16_eabi.lib : memcpy_t2.asm.obj (.text)
                  00000dac    00000068                                   : copy_decompress_lzss.c.obj (.text:decompress:lzss:__TI_decompress_lzss)
                  00000e14    0000004c                                   : atoi.c.obj (.text:atoi)
                  00000e60    00000044                                   : autoinit.c.obj (.text:__TI_auto_init_nobinit_nopinit:__TI_auto_init_nobinit_nopinit)
                  00000ea4    00000038                                   : boot_cortex_m.c.obj (.text:_c_int00_noargs:_c_int00_noargs)
                  00000edc    00000018                                   : strcmp.c.obj (.text:strcmp)
                  00000ef4    00000014                                   : strlen.c.obj (.text:strlen)
                  00000f08    00000012                                   : copy_zero_init.c.obj (.text:decompress:ZI:__TI_zero_init_nomemset:__TI_zero_init_nomemset)
                  00000f1a    00000002     --HOLE-- [fill = 0]
                  00000f1c    00000010                                   : tolower.c.obj (.text:tolower)
                  00000f2c    0000000e                                   : copy_decompress_none.c.obj (.text:decompress:none:__TI_decompress_none)
                  00000f3a    0000000c     tm4c123gh6pm_startup_ccs.obj (.text)
                  00000f46    00000004     rtsv7M4_T_le_v4SPD16_eabi.lib : pre_init.c.obj (.text:_system_pre_init)
                  00000f4a    00000004                                   : exit.c.obj (.text:abort:abort)

.const     0    00000f4e    00000101     
                  00000f4e    00000101     rtsv7M4_T_le_v4SPD16_eabi.lib : ctype.c.obj (.const:.string:_ctypes_)

.cinit     0    00001050    00000038     
                  00001050    00000010     (.cinit..data.load) [load image, compression = lzss]
                  00001060    0000000c     (__TI_handler_table)
                  0000106c    00000004     --HOLE-- [fill = 0]
                  00001070    00000008     (.cinit..bss.load) [load image, compression = zero_init]
                  00001078    00000010     (__TI_cinit_table)

.init_array 
*          0    00000000    00000000     UNINITIALIZED

.bss       0    20000000    0000023c     UNINITIALIZED
                  20000000    00000200     (.common:dmxData)
                  20000200    00000014     (.common:arg1)
                  20000214    00000014     (.common:arg2)
                  20000228    00000014     (.common:command)

.data      0    20000440    0000000f     UNINITIALIZED
                  20000440    0000000f     satej_matthew.obj (.data)

.stack     0    20000240    00000200     UNINITIALIZED
                  20000240    00000004     rtsv7M4_T_le_v4SPD16_eabi.lib : boot_cortex_m.c.obj (.stack)
                  20000244    000001fc     --HOLE--

MODULE SUMMARY

       Module                         code   ro data   rw data
       ------                         ----   -------   -------
    .\
       satej_matthew.obj              2724   0         587    
       tm4c123gh6pm_startup_ccs.obj   12     620       0      
    +--+------------------------------+------+---------+---------+
       Total:                         2736   620       587    
                                                              
    C:\ti\ccsv8\tools\compiler\ti-cgt-arm_18.1.4.LTS\lib\rtsv7M4_T_le_v4SPD16_eabi.lib
       ctype.c.obj                    0      257       0      
       memcpy_t2.asm.obj              156    0         0      
       copy_decompress_lzss.c.obj     104    0         0      
       atoi.c.obj                     76     0         0      
       autoinit.c.obj                 68     0         0      
       boot_cortex_m.c.obj            56     0         0      
       strcmp.c.obj                   24     0         0      
       strlen.c.obj                   20     0         0      
       copy_zero_init.c.obj           18     0         0      
       tolower.c.obj                  16     0         0      
       copy_decompress_none.c.obj     14     0         0      
       exit.c.obj                     4      0         0      
       pre_init.c.obj                 4      0         0      
    +--+------------------------------+------+---------+---------+
       Total:                         560    257       0      
                                                              
       Stack:                         0      0         512    
       Linker Generated:              0      52        0      
    +--+------------------------------+------+---------+---------+
       Grand Total:                   3296   929       1099   


LINKER GENERATED COPY TABLES

__TI_cinit_table @ 00001078 records: 2, size/record: 8, table size: 16
	.data: load addr=00001050, load size=00000010 bytes, run addr=20000440, run size=0000000f bytes, compression=lzss
	.bss: load addr=00001070, load size=00000008 bytes, run addr=20000000, run size=0000023c bytes, compression=zero_init


LINKER GENERATED HANDLER TABLE

__TI_handler_table @ 00001060 records: 3, size/record: 4, table size: 12
	index: 0, handler: __TI_decompress_lzss
	index: 1, handler: __TI_decompress_none
	index: 2, handler: __TI_zero_init


GLOBAL SYMBOLS: SORTED ALPHABETICALLY BY Name 

address   name                          
-------   ----                          
00000f4b  C$$EXIT                       
2000044e  DMXMode                       
00000f3b  ResetISR                      
000003cd  Timer1ISR                     
000009a1  Uart0Isr                      
20000440  __STACK_END                   
00000200  __STACK_SIZE                  
20000440  __STACK_TOP                   
00001078  __TI_CINIT_Base               
00001088  __TI_CINIT_Limit              
00001060  __TI_Handler_Table_Base       
0000106c  __TI_Handler_Table_Limit      
00000e61  __TI_auto_init_nobinit_nopinit
00000dad  __TI_decompress_lzss          
00000f2d  __TI_decompress_none          
ffffffff  __TI_pprof_out_hndl           
ffffffff  __TI_prof_data_size           
ffffffff  __TI_prof_data_start          
00000000  __TI_static_base__            
00000f09  __TI_zero_init_nomemset       
00000d11  __aeabi_memcpy                
00000d11  __aeabi_memcpy4               
00000d11  __aeabi_memcpy8               
ffffffff  __binit__                     
ffffffff  __c_args__                    
UNDEFED   __mpu_init                    
20000240  __stack                       
00000ea5  _c_int00_noargs               
00000f4e  _ctypes_                      
UNDEFED   _system_post_cinit            
00000f47  _system_pre_init              
00000f4b  abort                         
20000200  arg1                          
20000214  arg2                          
00000e15  atoi                          
ffffffff  binit                         
000003b7  changeTimerValue              
0000074d  clearStr                      
20000228  command                       
2000044c  continuous                    
20000448  deviceModeAddress             
20000000  dmxData                       
20000440  enteringField                 
00000000  g_pfnVectors                  
00000501  getcUart0                     
0000026d  initHw                        
000007a9  isLetter                      
000007e5  isNumber                      
00000c27  main                          
20000444  maxAddress                    
00000d11  memcpy                        
2000044d  mode                          
000005bd  parseCommand                  
20000441  pos                           
000004b3  putcUart0                     
0000039b  putcUart1                     
000004cf  putsUart0                     
00000edd  strcmp                        
00000ef5  strlen                        
00000f1d  tolower                       
00000811  waitMicrosecond               


GLOBAL SYMBOLS: SORTED BY Symbol Address 

address   name                          
-------   ----                          
00000000  __TI_static_base__            
00000000  g_pfnVectors                  
00000200  __STACK_SIZE                  
0000026d  initHw                        
0000039b  putcUart1                     
000003b7  changeTimerValue              
000003cd  Timer1ISR                     
000004b3  putcUart0                     
000004cf  putsUart0                     
00000501  getcUart0                     
000005bd  parseCommand                  
0000074d  clearStr                      
000007a9  isLetter                      
000007e5  isNumber                      
00000811  waitMicrosecond               
000009a1  Uart0Isr                      
00000c27  main                          
00000d11  __aeabi_memcpy                
00000d11  __aeabi_memcpy4               
00000d11  __aeabi_memcpy8               
00000d11  memcpy                        
00000dad  __TI_decompress_lzss          
00000e15  atoi                          
00000e61  __TI_auto_init_nobinit_nopinit
00000ea5  _c_int00_noargs               
00000edd  strcmp                        
00000ef5  strlen                        
00000f09  __TI_zero_init_nomemset       
00000f1d  tolower                       
00000f2d  __TI_decompress_none          
00000f3b  ResetISR                      
00000f47  _system_pre_init              
00000f4b  C$$EXIT                       
00000f4b  abort                         
00000f4e  _ctypes_                      
00001060  __TI_Handler_Table_Base       
0000106c  __TI_Handler_Table_Limit      
00001078  __TI_CINIT_Base               
00001088  __TI_CINIT_Limit              
20000000  dmxData                       
20000200  arg1                          
20000214  arg2                          
20000228  command                       
20000240  __stack                       
20000440  __STACK_END                   
20000440  __STACK_TOP                   
20000440  enteringField                 
20000441  pos                           
20000444  maxAddress                    
20000448  deviceModeAddress             
2000044c  continuous                    
2000044d  mode                          
2000044e  DMXMode                       
ffffffff  __TI_pprof_out_hndl           
ffffffff  __TI_prof_data_size           
ffffffff  __TI_prof_data_start          
ffffffff  __binit__                     
ffffffff  __c_args__                    
ffffffff  binit                         
UNDEFED   __mpu_init                    
UNDEFED   _system_post_cinit            

[61 symbols]
