******************************************************************************
                  TI ARM Linker PC v18.1.4                     
******************************************************************************
>> Linked Thu Mar  7 22:42:05 2019

OUTPUT FILE NAME:   <DMX512.out>
ENTRY POINT SYMBOL: "_c_int00_noargs"  address: 0000096d


MEMORY CONFIGURATION

         name            origin    length      used     unused   attr    fill
----------------------  --------  ---------  --------  --------  ----  --------
  FLASH                 00000000   00040000  00000b4f  0003f4b1  R  X
  SRAM                  20000000   00008000  0000022d  00007dd3  RW X


SEGMENT ALLOCATION MAP

run origin  load origin   length   init length attrs members
----------  ----------- ---------- ----------- ----- -------
00000000    00000000    00000b50   00000b50    r-x
  00000000    00000000    0000026c   0000026c    r-- .intvecs
  0000026c    0000026c    000007aa   000007aa    r-x .text
  00000a16    00000a16    00000101   00000101    r-- .const
  00000b18    00000b18    00000038   00000038    r-- .cinit
20000000    20000000    0000022d   00000000    rw-
  20000000    20000000    00000200   00000000    rw- .stack
  20000200    20000200    00000024   00000000    rw- .bss
  20000224    20000224    00000009   00000000    rw- .data


SECTION ALLOCATION MAP

 output                                  attributes/
section   page    origin      length       input sections
--------  ----  ----------  ----------   ----------------
.intvecs   0    00000000    0000026c     
                  00000000    0000026c     tm4c123gh6pm_startup_ccs.obj (.intvecs)

.text      0    0000026c    000007aa     
                  0000026c    0000056c     serial.obj (.text)
                  000007d8    0000009c     rtsv7M4_T_le_v4SPD16_eabi.lib : memcpy_t2.asm.obj (.text)
                  00000874    00000068                                   : copy_decompress_lzss.c.obj (.text:decompress:lzss:__TI_decompress_lzss)
                  000008dc    0000004c                                   : atoi.c.obj (.text:atoi)
                  00000928    00000044                                   : autoinit.c.obj (.text:__TI_auto_init_nobinit_nopinit:__TI_auto_init_nobinit_nopinit)
                  0000096c    00000038                                   : boot_cortex_m.c.obj (.text:_c_int00_noargs:_c_int00_noargs)
                  000009a4    00000018                                   : strcmp.c.obj (.text:strcmp)
                  000009bc    00000014                                   : strlen.c.obj (.text:strlen)
                  000009d0    00000012                                   : copy_zero_init.c.obj (.text:decompress:ZI:__TI_zero_init_nomemset:__TI_zero_init_nomemset)
                  000009e2    00000002     --HOLE-- [fill = 0]
                  000009e4    00000010                                   : tolower.c.obj (.text:tolower)
                  000009f4    0000000e                                   : copy_decompress_none.c.obj (.text:decompress:none:__TI_decompress_none)
                  00000a02    0000000c     tm4c123gh6pm_startup_ccs.obj (.text)
                  00000a0e    00000004     rtsv7M4_T_le_v4SPD16_eabi.lib : pre_init.c.obj (.text:_system_pre_init)
                  00000a12    00000004                                   : exit.c.obj (.text:abort:abort)

.const     0    00000a16    00000101     
                  00000a16    00000101     rtsv7M4_T_le_v4SPD16_eabi.lib : ctype.c.obj (.const:.string:_ctypes_)

.cinit     0    00000b18    00000038     
                  00000b18    0000000e     (.cinit..data.load) [load image, compression = lzss]
                  00000b26    00000002     --HOLE-- [fill = 0]
                  00000b28    0000000c     (__TI_handler_table)
                  00000b34    00000004     --HOLE-- [fill = 0]
                  00000b38    00000008     (.cinit..bss.load) [load image, compression = zero_init]
                  00000b40    00000010     (__TI_cinit_table)

.init_array 
*          0    00000000    00000000     UNINITIALIZED

.bss       0    20000200    00000024     UNINITIALIZED
                  20000200    0000000c     (.common:arg1)
                  2000020c    0000000c     (.common:arg2)
                  20000218    0000000c     (.common:command)

.data      0    20000224    00000009     UNINITIALIZED
                  20000224    00000009     serial.obj (.data)

.stack     0    20000000    00000200     UNINITIALIZED
                  20000000    00000004     rtsv7M4_T_le_v4SPD16_eabi.lib : boot_cortex_m.c.obj (.stack)
                  20000004    000001fc     --HOLE--

MODULE SUMMARY

       Module                         code   ro data   rw data
       ------                         ----   -------   -------
    .\
       serial.obj                     1388   0         45     
       tm4c123gh6pm_startup_ccs.obj   12     620       0      
    +--+------------------------------+------+---------+---------+
       Total:                         1400   620       45     
                                                              
    C:\ti\ccsv8\tools\compiler\ti-cgt-arm_18.1.4.LTS\lib\rtsv7M4_T_le_v4SPD16_eabi.lib
       ctype.c.obj                    0      257       0      
       memcpy_t2.asm.obj              156    0         0      
       copy_decompress_lzss.c.obj     104    0         0      
       atoi.c.obj                     76     0         0      
       autoinit.c.obj                 68     0         0      
       boot_cortex_m.c.obj            56     0         0      
       strcmp.c.obj                   24     0         0      
       strlen.c.obj                   20     0         0      
       copy_zero_init.c.obj           18     0         0      
       tolower.c.obj                  16     0         0      
       copy_decompress_none.c.obj     14     0         0      
       exit.c.obj                     4      0         0      
       pre_init.c.obj                 4      0         0      
    +--+------------------------------+------+---------+---------+
       Total:                         560    257       0      
                                                              
       Stack:                         0      0         512    
       Linker Generated:              0      50        0      
    +--+------------------------------+------+---------+---------+
       Grand Total:                   1960   927       557    


LINKER GENERATED COPY TABLES

__TI_cinit_table @ 00000b40 records: 2, size/record: 8, table size: 16
	.data: load addr=00000b18, load size=0000000e bytes, run addr=20000224, run size=00000009 bytes, compression=lzss
	.bss: load addr=00000b38, load size=00000008 bytes, run addr=20000200, run size=00000024 bytes, compression=zero_init


LINKER GENERATED HANDLER TABLE

__TI_handler_table @ 00000b28 records: 3, size/record: 4, table size: 12
	index: 0, handler: __TI_decompress_lzss
	index: 1, handler: __TI_decompress_none
	index: 2, handler: __TI_zero_init


GLOBAL SYMBOLS: SORTED ALPHABETICALLY BY Name 

address   name                          
-------   ----                          
00000a13  C$$EXIT                       
00000a03  ResetISR                      
20000200  __STACK_END                   
00000200  __STACK_SIZE                  
20000200  __STACK_TOP                   
00000b40  __TI_CINIT_Base               
00000b50  __TI_CINIT_Limit              
00000b28  __TI_Handler_Table_Base       
00000b34  __TI_Handler_Table_Limit      
00000929  __TI_auto_init_nobinit_nopinit
00000875  __TI_decompress_lzss          
000009f5  __TI_decompress_none          
ffffffff  __TI_pprof_out_hndl           
ffffffff  __TI_prof_data_size           
ffffffff  __TI_prof_data_start          
00000000  __TI_static_base__            
000009d1  __TI_zero_init_nomemset       
000007d9  __aeabi_memcpy                
000007d9  __aeabi_memcpy4               
000007d9  __aeabi_memcpy8               
ffffffff  __binit__                     
ffffffff  __c_args__                    
UNDEFED   __mpu_init                    
20000000  __stack                       
0000096d  _c_int00_noargs               
00000a16  _ctypes_                      
UNDEFED   _system_post_cinit            
00000a0f  _system_pre_init              
00000a13  abort                         
20000200  arg1                          
2000020c  arg2                          
000008dd  atoi                          
ffffffff  binit                         
000004ad  clearStr                      
20000218  command                       
20000224  enteringField                 
00000000  g_pfnVectors                  
0000034b  getcUart0                     
0000026d  initHw                        
0000051d  isLetter                      
00000553  isNumber                      
000005e5  main                          
20000228  maxAddress                    
000007d9  memcpy                        
2000022c  mode                          
00000363  parseCommand                  
20000225  pos                           
000002fd  putcUart0                     
00000319  putsUart0                     
000009a5  strcmp                        
000009bd  strlen                        
000009e5  tolower                       


GLOBAL SYMBOLS: SORTED BY Symbol Address 

address   name                          
-------   ----                          
00000000  __TI_static_base__            
00000000  g_pfnVectors                  
00000200  __STACK_SIZE                  
0000026d  initHw                        
000002fd  putcUart0                     
00000319  putsUart0                     
0000034b  getcUart0                     
00000363  parseCommand                  
000004ad  clearStr                      
0000051d  isLetter                      
00000553  isNumber                      
000005e5  main                          
000007d9  __aeabi_memcpy                
000007d9  __aeabi_memcpy4               
000007d9  __aeabi_memcpy8               
000007d9  memcpy                        
00000875  __TI_decompress_lzss          
000008dd  atoi                          
00000929  __TI_auto_init_nobinit_nopinit
0000096d  _c_int00_noargs               
000009a5  strcmp                        
000009bd  strlen                        
000009d1  __TI_zero_init_nomemset       
000009e5  tolower                       
000009f5  __TI_decompress_none          
00000a03  ResetISR                      
00000a0f  _system_pre_init              
00000a13  C$$EXIT                       
00000a13  abort                         
00000a16  _ctypes_                      
00000b28  __TI_Handler_Table_Base       
00000b34  __TI_Handler_Table_Limit      
00000b40  __TI_CINIT_Base               
00000b50  __TI_CINIT_Limit              
20000000  __stack                       
20000200  __STACK_END                   
20000200  __STACK_TOP                   
20000200  arg1                          
2000020c  arg2                          
20000218  command                       
20000224  enteringField                 
20000225  pos                           
20000228  maxAddress                    
2000022c  mode                          
ffffffff  __TI_pprof_out_hndl           
ffffffff  __TI_prof_data_size           
ffffffff  __TI_prof_data_start          
ffffffff  __binit__                     
ffffffff  __c_args__                    
ffffffff  binit                         
UNDEFED   __mpu_init                    
UNDEFED   _system_post_cinit            

[52 symbols]
