******************************************************************************
                  TI ARM Linker Unix v18.1.4                   
******************************************************************************
>> Linked Thu Feb 28 05:09:52 2019

OUTPUT FILE NAME:   <DMX512.out>
ENTRY POINT SYMBOL: "_c_int00_noargs"  address: 0000091d


MEMORY CONFIGURATION

         name            origin    length      used     unused   attr    fill
----------------------  --------  ---------  --------  --------  ----  --------
  FLASH                 00000000   00040000  00000b6f  0003f491  R  X
  SRAM                  20000000   00008000  00000238  00007dc8  RW X


SEGMENT ALLOCATION MAP

run origin  load origin   length   init length attrs members
----------  ----------- ---------- ----------- ----- -------
00000000    00000000    00000b70   00000b70    r-x
  00000000    00000000    0000026c   0000026c    r-- .intvecs
  0000026c    0000026c    000007ca   000007ca    r-x .text
  00000a36    00000a36    00000101   00000101    r-- .const
  00000b38    00000b38    00000038   00000038    r-- .cinit
20000000    20000000    00000238   00000000    rw-
  20000000    20000000    00000200   00000000    rw- .stack
  20000200    20000200    00000028   00000000    rw- .bss
  20000228    20000228    00000010   00000000    rw- .data


SECTION ALLOCATION MAP

 output                                  attributes/
section   page    origin      length       input sections
--------  ----  ----------  ----------   ----------------
.intvecs   0    00000000    0000026c     
                  00000000    0000026c     tm4c123gh6pm_startup_ccs.obj (.intvecs)

.text      0    0000026c    000007ca     
                  0000026c    000004dc     serial.obj (.text)
                  00000748    0000009c     rtsv7M4_T_le_v4SPD16_eabi.lib : memcpy_t2.asm.obj (.text)
                  000007e4    00000068                                   : copy_decompress_lzss.c.obj (.text:decompress:lzss:__TI_decompress_lzss)
                  0000084c    0000004c                                   : atoi.c.obj (.text:atoi)
                  00000898    00000044                                   : autoinit.c.obj (.text:__TI_auto_init_nobinit_nopinit:__TI_auto_init_nobinit_nopinit)
                  000008dc    00000040                                   : strtok.c.obj (.text:strtok)
                  0000091c    00000038                                   : boot_cortex_m.c.obj (.text:_c_int00_noargs:_c_int00_noargs)
                  00000954    00000034                                   : strstr.c.obj (.text:strstr)
                  00000988    0000002a                                   : strspn.c.obj (.text:strspn)
                  000009b2    00000024                                   : strcspn.c.obj (.text:strcspn)
                  000009d6    00000018                                   : strcmp.c.obj (.text:strcmp)
                  000009ee    00000014                                   : strlen.c.obj (.text:strlen)
                  00000a02    00000012                                   : copy_zero_init.c.obj (.text:decompress:ZI:__TI_zero_init_nomemset:__TI_zero_init_nomemset)
                  00000a14    0000000e                                   : copy_decompress_none.c.obj (.text:decompress:none:__TI_decompress_none)
                  00000a22    0000000c     tm4c123gh6pm_startup_ccs.obj (.text)
                  00000a2e    00000004     rtsv7M4_T_le_v4SPD16_eabi.lib : pre_init.c.obj (.text:_system_pre_init)
                  00000a32    00000004                                   : exit.c.obj (.text:abort:abort)

.const     0    00000a36    00000101     
                  00000a36    00000101     rtsv7M4_T_le_v4SPD16_eabi.lib : ctype.c.obj (.const:.string:_ctypes_)

.cinit     0    00000b38    00000038     
                  00000b38    00000010     (.cinit..data.load) [load image, compression = lzss]
                  00000b48    0000000c     (__TI_handler_table)
                  00000b54    00000004     --HOLE-- [fill = 0]
                  00000b58    00000008     (.cinit..bss.load) [load image, compression = zero_init]
                  00000b60    00000010     (__TI_cinit_table)

.init_array 
*          0    00000000    00000000     UNINITIALIZED

.bss       0    20000200    00000028     UNINITIALIZED
                  20000200    00000028     (.common:str)

.data      0    20000228    00000010     UNINITIALIZED
                  20000228    0000000c     serial.obj (.data)
                  20000234    00000004     rtsv7M4_T_le_v4SPD16_eabi.lib : strtok.c.obj (.data)

.stack     0    20000000    00000200     UNINITIALIZED
                  20000000    00000004     rtsv7M4_T_le_v4SPD16_eabi.lib : boot_cortex_m.c.obj (.stack)
                  20000004    000001fc     --HOLE--

MODULE SUMMARY

       Module                         code   ro data   rw data
       ------                         ----   -------   -------
    ./
       serial.obj                     1244   0         52     
       tm4c123gh6pm_startup_ccs.obj   12     620       0      
    +--+------------------------------+------+---------+---------+
       Total:                         1256   620       52     
                                                              
    /Applications/ti/ccsv8/tools/compiler/ti-cgt-arm_18.1.4.LTS/lib/rtsv7M4_T_le_v4SPD16_eabi.lib
       ctype.c.obj                    0      257       0      
       memcpy_t2.asm.obj              156    0         0      
       copy_decompress_lzss.c.obj     104    0         0      
       atoi.c.obj                     76     0         0      
       autoinit.c.obj                 68     0         0      
       strtok.c.obj                   64     0         4      
       boot_cortex_m.c.obj            56     0         0      
       strstr.c.obj                   52     0         0      
       strspn.c.obj                   42     0         0      
       strcspn.c.obj                  36     0         0      
       strcmp.c.obj                   24     0         0      
       strlen.c.obj                   20     0         0      
       copy_zero_init.c.obj           18     0         0      
       copy_decompress_none.c.obj     14     0         0      
       exit.c.obj                     4      0         0      
       pre_init.c.obj                 4      0         0      
    +--+------------------------------+------+---------+---------+
       Total:                         738    257       4      
                                                              
       Stack:                         0      0         512    
       Linker Generated:              0      52        0      
    +--+------------------------------+------+---------+---------+
       Grand Total:                   1994   929       568    


LINKER GENERATED COPY TABLES

__TI_cinit_table @ 00000b60 records: 2, size/record: 8, table size: 16
	.data: load addr=00000b38, load size=00000010 bytes, run addr=20000228, run size=00000010 bytes, compression=lzss
	.bss: load addr=00000b58, load size=00000008 bytes, run addr=20000200, run size=00000028 bytes, compression=zero_init


LINKER GENERATED HANDLER TABLE

__TI_handler_table @ 00000b48 records: 3, size/record: 4, table size: 12
	index: 0, handler: __TI_decompress_lzss
	index: 1, handler: __TI_decompress_none
	index: 2, handler: __TI_zero_init


GLOBAL SYMBOLS: SORTED ALPHABETICALLY BY Name 

address   name                          
-------   ----                          
00000a33  C$$EXIT                       
00000a23  ResetISR                      
20000200  __STACK_END                   
00000200  __STACK_SIZE                  
20000200  __STACK_TOP                   
00000b60  __TI_CINIT_Base               
00000b70  __TI_CINIT_Limit              
00000b48  __TI_Handler_Table_Base       
00000b54  __TI_Handler_Table_Limit      
00000899  __TI_auto_init_nobinit_nopinit
000007e5  __TI_decompress_lzss          
00000a15  __TI_decompress_none          
ffffffff  __TI_pprof_out_hndl           
ffffffff  __TI_prof_data_size           
ffffffff  __TI_prof_data_start          
00000000  __TI_static_base__            
00000a03  __TI_zero_init_nomemset       
00000749  __aeabi_memcpy                
00000749  __aeabi_memcpy4               
00000749  __aeabi_memcpy8               
ffffffff  __binit__                     
ffffffff  __c_args__                    
UNDEFED   __mpu_init                    
20000000  __stack                       
0000091d  _c_int00_noargs               
00000a36  _ctypes_                      
UNDEFED   _system_post_cinit            
00000a2f  _system_pre_init              
00000a33  abort                         
0000084d  atoi                          
ffffffff  binit                         
00000541  clearStr                      
00000000  g_pfnVectors                  
0000034b  getcUart0                     
0000026d  initHw                        
00000569  main                          
2000022c  maxAddress                    
00000749  memcpy                        
20000230  mode                          
000003b1  parseCommand                  
000002fd  putcUart0                     
00000319  putsUart0                     
20000200  str                           
20000228  strPos                        
000009d7  strcmp                        
000009b3  strcspn                       
000009ef  strlen                        
00000989  strspn                        
00000955  strstr                        
000008dd  strtok                        


GLOBAL SYMBOLS: SORTED BY Symbol Address 

address   name                          
-------   ----                          
00000000  __TI_static_base__            
00000000  g_pfnVectors                  
00000200  __STACK_SIZE                  
0000026d  initHw                        
000002fd  putcUart0                     
00000319  putsUart0                     
0000034b  getcUart0                     
000003b1  parseCommand                  
00000541  clearStr                      
00000569  main                          
00000749  __aeabi_memcpy                
00000749  __aeabi_memcpy4               
00000749  __aeabi_memcpy8               
00000749  memcpy                        
000007e5  __TI_decompress_lzss          
0000084d  atoi                          
00000899  __TI_auto_init_nobinit_nopinit
000008dd  strtok                        
0000091d  _c_int00_noargs               
00000955  strstr                        
00000989  strspn                        
000009b3  strcspn                       
000009d7  strcmp                        
000009ef  strlen                        
00000a03  __TI_zero_init_nomemset       
00000a15  __TI_decompress_none          
00000a23  ResetISR                      
00000a2f  _system_pre_init              
00000a33  C$$EXIT                       
00000a33  abort                         
00000a36  _ctypes_                      
00000b48  __TI_Handler_Table_Base       
00000b54  __TI_Handler_Table_Limit      
00000b60  __TI_CINIT_Base               
00000b70  __TI_CINIT_Limit              
20000000  __stack                       
20000200  __STACK_END                   
20000200  __STACK_TOP                   
20000200  str                           
20000228  strPos                        
2000022c  maxAddress                    
20000230  mode                          
ffffffff  __TI_pprof_out_hndl           
ffffffff  __TI_prof_data_size           
ffffffff  __TI_prof_data_start          
ffffffff  __binit__                     
ffffffff  __c_args__                    
ffffffff  binit                         
UNDEFED   __mpu_init                    
UNDEFED   _system_post_cinit            

[50 symbols]
