******************************************************************************
                  TI ARM Linker PC v18.1.4                     
******************************************************************************
>> Linked Thu May  2 00:38:42 2019

OUTPUT FILE NAME:   <DMX512.out>
ENTRY POINT SYMBOL: "_c_int00_noargs"  address: 000024f1


MEMORY CONFIGURATION

         name            origin    length      used     unused   attr    fill
----------------------  --------  ---------  --------  --------  ----  --------
  FLASH                 00000000   00040000  00002713  0003d8ed  R  X
  SRAM                  20000000   00008000  00000484  00007b7c  RW X


SEGMENT ALLOCATION MAP

run origin  load origin   length   init length attrs members
----------  ----------- ---------- ----------- ----- -------
00000000    00000000    00002718   00002718    r-x
  00000000    00000000    0000026c   0000026c    r-- .intvecs
  0000026c    0000026c    00002366   00002366    r-x .text
  000025d2    000025d2    00000101   00000101    r-- .const
  000026d8    000026d8    00000040   00000040    r-- .cinit
20000000    20000000    00000484   00000000    rw-
  20000000    20000000    00000258   00000000    rw- .bss
  20000258    20000258    00000200   00000000    rw- .stack
  20000458    20000458    0000002c   00000000    rw- .data


SECTION ALLOCATION MAP

 output                                  attributes/
section   page    origin      length       input sections
--------  ----  ----------  ----------   ----------------
.intvecs   0    00000000    0000026c     
                  00000000    0000026c     tm4c123gh6pm_startup_ccs.obj (.intvecs)

.text      0    0000026c    00002366     
                  0000026c    00001ecc     satej_matthew.obj (.text)
                  00002138    000001b6     rtsv7M4_T_le_v4SPD16_eabi.lib : fd_add_t2.asm.obj (.text)
                  000022ee    0000009c                                   : memcpy_t2.asm.obj (.text)
                  0000238a    0000006e                                   : fd_tos_t2.asm.obj (.text)
                  000023f8    00000068                                   : copy_decompress_lzss.c.obj (.text:decompress:lzss:__TI_decompress_lzss)
                  00002460    0000004c                                   : atoi.c.obj (.text:atoi)
                  000024ac    00000044                                   : autoinit.c.obj (.text:__TI_auto_init_nobinit_nopinit:__TI_auto_init_nobinit_nopinit)
                  000024f0    00000038                                   : boot_cortex_m.c.obj (.text:_c_int00_noargs:_c_int00_noargs)
                  00002528    00000038                                   : fs_tod_t2.asm.obj (.text)
                  00002560    00000018                                   : strcmp.c.obj (.text:strcmp)
                  00002578    00000014                                   : strlen.c.obj (.text:strlen)
                  0000258c    00000012                                   : copy_zero_init.c.obj (.text:decompress:ZI:__TI_zero_init_nomemset:__TI_zero_init_nomemset)
                  0000259e    00000002     --HOLE-- [fill = 0]
                  000025a0    00000010                                   : tolower.c.obj (.text:tolower)
                  000025b0    0000000e                                   : copy_decompress_none.c.obj (.text:decompress:none:__TI_decompress_none)
                  000025be    0000000c     tm4c123gh6pm_startup_ccs.obj (.text)
                  000025ca    00000004     rtsv7M4_T_le_v4SPD16_eabi.lib : pre_init.c.obj (.text:_system_pre_init)
                  000025ce    00000004                                   : exit.c.obj (.text:abort:abort)

.const     0    000025d2    00000101     
                  000025d2    00000101     rtsv7M4_T_le_v4SPD16_eabi.lib : ctype.c.obj (.const:.string:_ctypes_)

.cinit     0    000026d8    00000040     
                  000026d8    00000018     (.cinit..data.load) [load image, compression = lzss]
                  000026f0    0000000c     (__TI_handler_table)
                  000026fc    00000004     --HOLE-- [fill = 0]
                  00002700    00000008     (.cinit..bss.load) [load image, compression = zero_init]
                  00002708    00000010     (__TI_cinit_table)

.init_array 
*          0    00000000    00000000     UNINITIALIZED

.bss       0    20000000    00000258     UNINITIALIZED
                  20000000    00000200     (.common:dmxData)
                  20000200    00000014     (.common:arg1)
                  20000214    00000014     (.common:arg2)
                  20000228    00000014     (.common:command)
                  2000023c    00000004     (.common:ch)
                  20000240    00000004     (.common:goB)
                  20000244    00000004     (.common:goG)
                  20000248    00000004     (.common:goR)
                  2000024c    00000004     (.common:upB)
                  20000250    00000004     (.common:upG)
                  20000254    00000004     (.common:upR)

.data      0    20000458    0000002c     UNINITIALIZED
                  20000458    0000002c     satej_matthew.obj (.data)

.stack     0    20000258    00000200     UNINITIALIZED
                  20000258    00000004     rtsv7M4_T_le_v4SPD16_eabi.lib : boot_cortex_m.c.obj (.stack)
                  2000025c    000001fc     --HOLE--

MODULE SUMMARY

       Module                         code   ro data   rw data
       ------                         ----   -------   -------
    .\
       satej_matthew.obj              7884   0         644    
       tm4c123gh6pm_startup_ccs.obj   12     620       0      
    +--+------------------------------+------+---------+---------+
       Total:                         7896   620       644    
                                                              
    C:\ti\ccsv8\tools\compiler\ti-cgt-arm_18.1.4.LTS\lib\rtsv7M4_T_le_v4SPD16_eabi.lib
       fd_add_t2.asm.obj              438    0         0      
       ctype.c.obj                    0      257       0      
       memcpy_t2.asm.obj              156    0         0      
       fd_tos_t2.asm.obj              110    0         0      
       copy_decompress_lzss.c.obj     104    0         0      
       atoi.c.obj                     76     0         0      
       autoinit.c.obj                 68     0         0      
       boot_cortex_m.c.obj            56     0         0      
       fs_tod_t2.asm.obj              56     0         0      
       strcmp.c.obj                   24     0         0      
       strlen.c.obj                   20     0         0      
       copy_zero_init.c.obj           18     0         0      
       tolower.c.obj                  16     0         0      
       copy_decompress_none.c.obj     14     0         0      
       exit.c.obj                     4      0         0      
       pre_init.c.obj                 4      0         0      
    +--+------------------------------+------+---------+---------+
       Total:                         1164   257       0      
                                                              
       Stack:                         0      0         512    
       Linker Generated:              0      60        0      
    +--+------------------------------+------+---------+---------+
       Grand Total:                   9060   937       1156   


LINKER GENERATED COPY TABLES

__TI_cinit_table @ 00002708 records: 2, size/record: 8, table size: 16
	.data: load addr=000026d8, load size=00000018 bytes, run addr=20000458, run size=0000002c bytes, compression=lzss
	.bss: load addr=00002700, load size=00000008 bytes, run addr=20000000, run size=00000258 bytes, compression=zero_init


LINKER GENERATED HANDLER TABLE

__TI_handler_table @ 000026f0 records: 3, size/record: 4, table size: 12
	index: 0, handler: __TI_decompress_lzss
	index: 1, handler: __TI_decompress_none
	index: 2, handler: __TI_zero_init


GLOBAL SYMBOLS: SORTED ALPHABETICALLY BY Name 

address   name                          
-------   ----                          
000025cf  C$$EXIT                       
20000460  DMXMode                       
00000e2f  EEWRITE                       
20000483  RGBMode                       
000025bf  ResetISR                      
00000bd9  Timer1ISR                     
00000869  Timer2ISR                     
0000187f  Uart0Isr                      
00000609  Uart1Isr                      
20000458  __STACK_END                   
00000200  __STACK_SIZE                  
20000458  __STACK_TOP                   
00002708  __TI_CINIT_Base               
00002718  __TI_CINIT_Limit              
000026f0  __TI_Handler_Table_Base       
000026fc  __TI_Handler_Table_Limit      
000024ad  __TI_auto_init_nobinit_nopinit
000023f9  __TI_decompress_lzss          
000025b1  __TI_decompress_none          
ffffffff  __TI_pprof_out_hndl           
ffffffff  __TI_prof_data_size           
ffffffff  __TI_prof_data_start          
00000000  __TI_static_base__            
0000258d  __TI_zero_init_nomemset       
0000238b  __aeabi_d2f                   
00002143  __aeabi_dadd                  
00002139  __aeabi_dsub                  
00002529  __aeabi_f2d                   
000022ef  __aeabi_memcpy                
000022ef  __aeabi_memcpy4               
000022ef  __aeabi_memcpy8               
ffffffff  __binit__                     
ffffffff  __c_args__                    
UNDEFED   __mpu_init                    
20000258  __stack                       
000024f1  _c_int00_noargs               
000025d2  _ctypes_                      
UNDEFED   _system_post_cinit            
000025cb  _system_pre_init              
000025cf  abort                         
00001cd1  animationRamp                 
20000200  arg1                          
20000214  arg2                          
00002461  atoi                          
ffffffff  binit                         
2000023c  ch                            
0000079d  changeTimer1Value             
00000e71  clearDMX                      
00001475  clearStr                      
20000228  command                       
2000045e  continuous                    
20000459  dec                           
20000462  deviceModeAddress             
20000472  dimEnd                        
20000470  dimStart                      
20000474  dimValue                      
20000000  dmxData                       
2000045a  enteringField                 
00000000  g_pfnVectors                  
00000de5  getModeEE                     
00000db5  getcUart0                     
20000240  goB                           
20000244  goG                           
20000248  goR                           
20000458  i                             
20000481  incr                          
0000026d  initHw                        
00000d05  intToChar                     
00001505  isLetter                      
000015a5  isNumber                      
00001d0d  main                          
2000045c  maxAddress                    
000022ef  memcpy                        
20000482  mode                          
00000ef5  parseCommand                  
2000045b  pos                           
20000464  prevRX                        
00001611  printCommandList              
00000d5d  putcUart0                     
00000761  putcUart1                     
00000d7d  putsUart0                     
20000465  rxError                       
20000466  rxState                       
20000468  seconds                       
2000046c  secondsTrigger                
2000047c  servoDir                      
00002561  strcmp                        
00002579  strlen                        
00001bb1  sweepServo                    
000025a1  tolower                       
2000024c  upB                           
20000250  upG                           
20000254  upR                           
20000480  vall                          
00001661  waitMicrosecond               
20000478  woo                           
00001b4f  wooone                        


GLOBAL SYMBOLS: SORTED BY Symbol Address 

address   name                          
-------   ----                          
00000000  __TI_static_base__            
00000000  g_pfnVectors                  
00000200  __STACK_SIZE                  
0000026d  initHw                        
00000609  Uart1Isr                      
00000761  putcUart1                     
0000079d  changeTimer1Value             
00000869  Timer2ISR                     
00000bd9  Timer1ISR                     
00000d05  intToChar                     
00000d5d  putcUart0                     
00000d7d  putsUart0                     
00000db5  getcUart0                     
00000de5  getModeEE                     
00000e2f  EEWRITE                       
00000e71  clearDMX                      
00000ef5  parseCommand                  
00001475  clearStr                      
00001505  isLetter                      
000015a5  isNumber                      
00001611  printCommandList              
00001661  waitMicrosecond               
0000187f  Uart0Isr                      
00001b4f  wooone                        
00001bb1  sweepServo                    
00001cd1  animationRamp                 
00001d0d  main                          
00002139  __aeabi_dsub                  
00002143  __aeabi_dadd                  
000022ef  __aeabi_memcpy                
000022ef  __aeabi_memcpy4               
000022ef  __aeabi_memcpy8               
000022ef  memcpy                        
0000238b  __aeabi_d2f                   
000023f9  __TI_decompress_lzss          
00002461  atoi                          
000024ad  __TI_auto_init_nobinit_nopinit
000024f1  _c_int00_noargs               
00002529  __aeabi_f2d                   
00002561  strcmp                        
00002579  strlen                        
0000258d  __TI_zero_init_nomemset       
000025a1  tolower                       
000025b1  __TI_decompress_none          
000025bf  ResetISR                      
000025cb  _system_pre_init              
000025cf  C$$EXIT                       
000025cf  abort                         
000025d2  _ctypes_                      
000026f0  __TI_Handler_Table_Base       
000026fc  __TI_Handler_Table_Limit      
00002708  __TI_CINIT_Base               
00002718  __TI_CINIT_Limit              
20000000  dmxData                       
20000200  arg1                          
20000214  arg2                          
20000228  command                       
2000023c  ch                            
20000240  goB                           
20000244  goG                           
20000248  goR                           
2000024c  upB                           
20000250  upG                           
20000254  upR                           
20000258  __stack                       
20000458  __STACK_END                   
20000458  __STACK_TOP                   
20000458  i                             
20000459  dec                           
2000045a  enteringField                 
2000045b  pos                           
2000045c  maxAddress                    
2000045e  continuous                    
20000460  DMXMode                       
20000462  deviceModeAddress             
20000464  prevRX                        
20000465  rxError                       
20000466  rxState                       
20000468  seconds                       
2000046c  secondsTrigger                
20000470  dimStart                      
20000472  dimEnd                        
20000474  dimValue                      
20000478  woo                           
2000047c  servoDir                      
20000480  vall                          
20000481  incr                          
20000482  mode                          
20000483  RGBMode                       
ffffffff  __TI_pprof_out_hndl           
ffffffff  __TI_prof_data_size           
ffffffff  __TI_prof_data_start          
ffffffff  __binit__                     
ffffffff  __c_args__                    
ffffffff  binit                         
UNDEFED   __mpu_init                    
UNDEFED   _system_post_cinit            

[97 symbols]
