******************************************************************************
                  TI ARM Linker PC v18.1.4                     
******************************************************************************
>> Linked Sun Mar 10 23:32:57 2019

OUTPUT FILE NAME:   <DMX512.out>
ENTRY POINT SYMBOL: "_c_int00_noargs"  address: 00000b65


MEMORY CONFIGURATION

         name            origin    length      used     unused   attr    fill
----------------------  --------  ---------  --------  --------  ----  --------
  FLASH                 00000000   00040000  00000d47  0003f2b9  R  X
  SRAM                  20000000   00008000  00000245  00007dbb  RW X


SEGMENT ALLOCATION MAP

run origin  load origin   length   init length attrs members
----------  ----------- ---------- ----------- ----- -------
00000000    00000000    00000d48   00000d48    r-x
  00000000    00000000    0000026c   0000026c    r-- .intvecs
  0000026c    0000026c    000009a2   000009a2    r-x .text
  00000c0e    00000c0e    00000101   00000101    r-- .const
  00000d10    00000d10    00000038   00000038    r-- .cinit
20000000    20000000    00000245   00000000    rw-
  20000000    20000000    00000200   00000000    rw- .stack
  20000200    20000200    0000003c   00000000    rw- .bss
  2000023c    2000023c    00000009   00000000    rw- .data


SECTION ALLOCATION MAP

 output                                  attributes/
section   page    origin      length       input sections
--------  ----  ----------  ----------   ----------------
.intvecs   0    00000000    0000026c     
                  00000000    0000026c     tm4c123gh6pm_startup_ccs.obj (.intvecs)

.text      0    0000026c    000009a2     
                  0000026c    00000764     serial.obj (.text)
                  000009d0    0000009c     rtsv7M4_T_le_v4SPD16_eabi.lib : memcpy_t2.asm.obj (.text)
                  00000a6c    00000068                                   : copy_decompress_lzss.c.obj (.text:decompress:lzss:__TI_decompress_lzss)
                  00000ad4    0000004c                                   : atoi.c.obj (.text:atoi)
                  00000b20    00000044                                   : autoinit.c.obj (.text:__TI_auto_init_nobinit_nopinit:__TI_auto_init_nobinit_nopinit)
                  00000b64    00000038                                   : boot_cortex_m.c.obj (.text:_c_int00_noargs:_c_int00_noargs)
                  00000b9c    00000018                                   : strcmp.c.obj (.text:strcmp)
                  00000bb4    00000014                                   : strlen.c.obj (.text:strlen)
                  00000bc8    00000012                                   : copy_zero_init.c.obj (.text:decompress:ZI:__TI_zero_init_nomemset:__TI_zero_init_nomemset)
                  00000bda    00000002     --HOLE-- [fill = 0]
                  00000bdc    00000010                                   : tolower.c.obj (.text:tolower)
                  00000bec    0000000e                                   : copy_decompress_none.c.obj (.text:decompress:none:__TI_decompress_none)
                  00000bfa    0000000c     tm4c123gh6pm_startup_ccs.obj (.text)
                  00000c06    00000004     rtsv7M4_T_le_v4SPD16_eabi.lib : pre_init.c.obj (.text:_system_pre_init)
                  00000c0a    00000004                                   : exit.c.obj (.text:abort:abort)

.const     0    00000c0e    00000101     
                  00000c0e    00000101     rtsv7M4_T_le_v4SPD16_eabi.lib : ctype.c.obj (.const:.string:_ctypes_)

.cinit     0    00000d10    00000038     
                  00000d10    0000000e     (.cinit..data.load) [load image, compression = lzss]
                  00000d1e    00000002     --HOLE-- [fill = 0]
                  00000d20    0000000c     (__TI_handler_table)
                  00000d2c    00000004     --HOLE-- [fill = 0]
                  00000d30    00000008     (.cinit..bss.load) [load image, compression = zero_init]
                  00000d38    00000010     (__TI_cinit_table)

.init_array 
*          0    00000000    00000000     UNINITIALIZED

.bss       0    20000200    0000003c     UNINITIALIZED
                  20000200    00000014     (.common:arg1)
                  20000214    00000014     (.common:arg2)
                  20000228    00000014     (.common:command)

.data      0    2000023c    00000009     UNINITIALIZED
                  2000023c    00000009     serial.obj (.data)

.stack     0    20000000    00000200     UNINITIALIZED
                  20000000    00000004     rtsv7M4_T_le_v4SPD16_eabi.lib : boot_cortex_m.c.obj (.stack)
                  20000004    000001fc     --HOLE--

MODULE SUMMARY

       Module                         code   ro data   rw data
       ------                         ----   -------   -------
    .\
       serial.obj                     1892   0         69     
       tm4c123gh6pm_startup_ccs.obj   12     620       0      
    +--+------------------------------+------+---------+---------+
       Total:                         1904   620       69     
                                                              
    C:\ti\ccsv8\tools\compiler\ti-cgt-arm_18.1.4.LTS\lib\rtsv7M4_T_le_v4SPD16_eabi.lib
       ctype.c.obj                    0      257       0      
       memcpy_t2.asm.obj              156    0         0      
       copy_decompress_lzss.c.obj     104    0         0      
       atoi.c.obj                     76     0         0      
       autoinit.c.obj                 68     0         0      
       boot_cortex_m.c.obj            56     0         0      
       strcmp.c.obj                   24     0         0      
       strlen.c.obj                   20     0         0      
       copy_zero_init.c.obj           18     0         0      
       tolower.c.obj                  16     0         0      
       copy_decompress_none.c.obj     14     0         0      
       exit.c.obj                     4      0         0      
       pre_init.c.obj                 4      0         0      
    +--+------------------------------+------+---------+---------+
       Total:                         560    257       0      
                                                              
       Stack:                         0      0         512    
       Linker Generated:              0      50        0      
    +--+------------------------------+------+---------+---------+
       Grand Total:                   2464   927       581    


LINKER GENERATED COPY TABLES

__TI_cinit_table @ 00000d38 records: 2, size/record: 8, table size: 16
	.data: load addr=00000d10, load size=0000000e bytes, run addr=2000023c, run size=00000009 bytes, compression=lzss
	.bss: load addr=00000d30, load size=00000008 bytes, run addr=20000200, run size=0000003c bytes, compression=zero_init


LINKER GENERATED HANDLER TABLE

__TI_handler_table @ 00000d20 records: 3, size/record: 4, table size: 12
	index: 0, handler: __TI_decompress_lzss
	index: 1, handler: __TI_decompress_none
	index: 2, handler: __TI_zero_init


GLOBAL SYMBOLS: SORTED ALPHABETICALLY BY Name 

address   name                          
-------   ----                          
00000c0b  C$$EXIT                       
00000bfb  ResetISR                      
20000200  __STACK_END                   
00000200  __STACK_SIZE                  
20000200  __STACK_TOP                   
00000d38  __TI_CINIT_Base               
00000d48  __TI_CINIT_Limit              
00000d20  __TI_Handler_Table_Base       
00000d2c  __TI_Handler_Table_Limit      
00000b21  __TI_auto_init_nobinit_nopinit
00000a6d  __TI_decompress_lzss          
00000bed  __TI_decompress_none          
ffffffff  __TI_pprof_out_hndl           
ffffffff  __TI_prof_data_size           
ffffffff  __TI_prof_data_start          
00000000  __TI_static_base__            
00000bc9  __TI_zero_init_nomemset       
000009d1  __aeabi_memcpy                
000009d1  __aeabi_memcpy4               
000009d1  __aeabi_memcpy8               
ffffffff  __binit__                     
ffffffff  __c_args__                    
UNDEFED   __mpu_init                    
20000000  __stack                       
00000b65  _c_int00_noargs               
00000c0e  _ctypes_                      
UNDEFED   _system_post_cinit            
00000c07  _system_pre_init              
00000c0b  abort                         
20000200  arg1                          
20000214  arg2                          
00000ad5  atoi                          
ffffffff  binit                         
000004fd  clearStr                      
20000228  command                       
2000023c  enteringField                 
00000000  g_pfnVectors                  
0000034b  getcUart0                     
0000026d  initHw                        
00000559  isLetter                      
0000058f  isNumber                      
00000721  main                          
20000240  maxAddress                    
000009d1  memcpy                        
20000244  mode                          
000003b1  parseCommand                  
2000023d  pos                           
000002fd  putcUart0                     
00000319  putsUart0                     
00000b9d  strcmp                        
00000bb5  strlen                        
00000bdd  tolower                       


GLOBAL SYMBOLS: SORTED BY Symbol Address 

address   name                          
-------   ----                          
00000000  __TI_static_base__            
00000000  g_pfnVectors                  
00000200  __STACK_SIZE                  
0000026d  initHw                        
000002fd  putcUart0                     
00000319  putsUart0                     
0000034b  getcUart0                     
000003b1  parseCommand                  
000004fd  clearStr                      
00000559  isLetter                      
0000058f  isNumber                      
00000721  main                          
000009d1  __aeabi_memcpy                
000009d1  __aeabi_memcpy4               
000009d1  __aeabi_memcpy8               
000009d1  memcpy                        
00000a6d  __TI_decompress_lzss          
00000ad5  atoi                          
00000b21  __TI_auto_init_nobinit_nopinit
00000b65  _c_int00_noargs               
00000b9d  strcmp                        
00000bb5  strlen                        
00000bc9  __TI_zero_init_nomemset       
00000bdd  tolower                       
00000bed  __TI_decompress_none          
00000bfb  ResetISR                      
00000c07  _system_pre_init              
00000c0b  C$$EXIT                       
00000c0b  abort                         
00000c0e  _ctypes_                      
00000d20  __TI_Handler_Table_Base       
00000d2c  __TI_Handler_Table_Limit      
00000d38  __TI_CINIT_Base               
00000d48  __TI_CINIT_Limit              
20000000  __stack                       
20000200  __STACK_END                   
20000200  __STACK_TOP                   
20000200  arg1                          
20000214  arg2                          
20000228  command                       
2000023c  enteringField                 
2000023d  pos                           
20000240  maxAddress                    
20000244  mode                          
ffffffff  __TI_pprof_out_hndl           
ffffffff  __TI_prof_data_size           
ffffffff  __TI_prof_data_start          
ffffffff  __binit__                     
ffffffff  __c_args__                    
ffffffff  binit                         
UNDEFED   __mpu_init                    
UNDEFED   _system_post_cinit            

[52 symbols]
