******************************************************************************
                  TI ARM Linker PC v18.1.4                     
******************************************************************************
>> Linked Wed Apr 24 22:23:28 2019

OUTPUT FILE NAME:   <DMX512.out>
ENTRY POINT SYMBOL: "_c_int00_noargs"  address: 000019d1


MEMORY CONFIGURATION

         name            origin    length      used     unused   attr    fill
----------------------  --------  ---------  --------  --------  ----  --------
  FLASH                 00000000   00040000  00001bb3  0003e44d  R  X
  SRAM                  20000000   00008000  00000456  00007baa  RW X


SEGMENT ALLOCATION MAP

run origin  load origin   length   init length attrs members
----------  ----------- ---------- ----------- ----- -------
00000000    00000000    00001bb8   00001bb8    r-x
  00000000    00000000    0000026c   0000026c    r-- .intvecs
  0000026c    0000026c    0000180e   0000180e    r-x .text
  00001a7a    00001a7a    00000101   00000101    r-- .const
  00001b80    00001b80    00000038   00000038    r-- .cinit
20000000    20000000    0000045d   00000000    rw-
  20000000    20000000    00000241   00000000    rw- .bss
  20000248    20000248    00000200   00000000    rw- .stack
  20000448    20000448    00000015   00000000    rw- .data


SECTION ALLOCATION MAP

 output                                  attributes/
section   page    origin      length       input sections
--------  ----  ----------  ----------   ----------------
.intvecs   0    00000000    0000026c     
                  00000000    0000026c     tm4c123gh6pm_startup_ccs.obj (.intvecs)

.text      0    0000026c    0000180e     
                  0000026c    000015d0     satej_matthew.obj (.text)
                  0000183c    0000009c     rtsv7M4_T_le_v4SPD16_eabi.lib : memcpy_t2.asm.obj (.text)
                  000018d8    00000068                                   : copy_decompress_lzss.c.obj (.text:decompress:lzss:__TI_decompress_lzss)
                  00001940    0000004c                                   : atoi.c.obj (.text:atoi)
                  0000198c    00000044                                   : autoinit.c.obj (.text:__TI_auto_init_nobinit_nopinit:__TI_auto_init_nobinit_nopinit)
                  000019d0    00000038                                   : boot_cortex_m.c.obj (.text:_c_int00_noargs:_c_int00_noargs)
                  00001a08    00000018                                   : strcmp.c.obj (.text:strcmp)
                  00001a20    00000014                                   : strlen.c.obj (.text:strlen)
                  00001a34    00000012                                   : copy_zero_init.c.obj (.text:decompress:ZI:__TI_zero_init_nomemset:__TI_zero_init_nomemset)
                  00001a46    00000002     --HOLE-- [fill = 0]
                  00001a48    00000010                                   : tolower.c.obj (.text:tolower)
                  00001a58    0000000e                                   : copy_decompress_none.c.obj (.text:decompress:none:__TI_decompress_none)
                  00001a66    0000000c     tm4c123gh6pm_startup_ccs.obj (.text)
                  00001a72    00000004     rtsv7M4_T_le_v4SPD16_eabi.lib : pre_init.c.obj (.text:_system_pre_init)
                  00001a76    00000004                                   : exit.c.obj (.text:abort:abort)

.const     0    00001a7a    00000101     
                  00001a7a    00000101     rtsv7M4_T_le_v4SPD16_eabi.lib : ctype.c.obj (.const:.string:_ctypes_)

.cinit     0    00001b80    00000038     
                  00001b80    00000012     (.cinit..data.load) [load image, compression = lzss]
                  00001b92    00000002     --HOLE-- [fill = 0]
                  00001b94    0000000c     (__TI_handler_table)
                  00001ba0    00000008     (.cinit..bss.load) [load image, compression = zero_init]
                  00001ba8    00000010     (__TI_cinit_table)

.init_array 
*          0    00000000    00000000     UNINITIALIZED

.bss       0    20000000    00000241     UNINITIALIZED
                  20000000    00000200     (.common:dmxData)
                  20000200    00000014     (.common:arg1)
                  20000214    00000014     (.common:arg2)
                  20000228    00000014     (.common:command)
                  2000023c    00000004     (.common:ch)
                  20000240    00000001     (.common:up)

.data      0    20000448    00000015     UNINITIALIZED
                  20000448    00000015     satej_matthew.obj (.data)

.stack     0    20000248    00000200     UNINITIALIZED
                  20000248    00000004     rtsv7M4_T_le_v4SPD16_eabi.lib : boot_cortex_m.c.obj (.stack)
                  2000024c    000001fc     --HOLE--

MODULE SUMMARY

       Module                         code   ro data   rw data
       ------                         ----   -------   -------
    .\
       satej_matthew.obj              5584   0         598    
       tm4c123gh6pm_startup_ccs.obj   12     620       0      
    +--+------------------------------+------+---------+---------+
       Total:                         5596   620       598    
                                                              
    C:\ti\ccsv8\tools\compiler\ti-cgt-arm_18.1.4.LTS\lib\rtsv7M4_T_le_v4SPD16_eabi.lib
       ctype.c.obj                    0      257       0      
       memcpy_t2.asm.obj              156    0         0      
       copy_decompress_lzss.c.obj     104    0         0      
       atoi.c.obj                     76     0         0      
       autoinit.c.obj                 68     0         0      
       boot_cortex_m.c.obj            56     0         0      
       strcmp.c.obj                   24     0         0      
       strlen.c.obj                   20     0         0      
       copy_zero_init.c.obj           18     0         0      
       tolower.c.obj                  16     0         0      
       copy_decompress_none.c.obj     14     0         0      
       exit.c.obj                     4      0         0      
       pre_init.c.obj                 4      0         0      
    +--+------------------------------+------+---------+---------+
       Total:                         560    257       0      
                                                              
       Stack:                         0      0         512    
       Linker Generated:              0      54        0      
    +--+------------------------------+------+---------+---------+
       Grand Total:                   6156   931       1110   


LINKER GENERATED COPY TABLES

__TI_cinit_table @ 00001ba8 records: 2, size/record: 8, table size: 16
	.data: load addr=00001b80, load size=00000012 bytes, run addr=20000448, run size=00000015 bytes, compression=lzss
	.bss: load addr=00001ba0, load size=00000008 bytes, run addr=20000000, run size=00000241 bytes, compression=zero_init


LINKER GENERATED HANDLER TABLE

__TI_handler_table @ 00001b94 records: 3, size/record: 4, table size: 12
	index: 0, handler: __TI_decompress_lzss
	index: 1, handler: __TI_decompress_none
	index: 2, handler: __TI_zero_init


GLOBAL SYMBOLS: SORTED ALPHABETICALLY BY Name 

address   name                          
-------   ----                          
00001a77  C$$EXIT                       
20000454  DMXMode                       
0000098b  EEWRITE                       
2000045c  RGBMode                       
00001a67  ResetISR                      
00000785  Timer1ISR                     
000011b3  Uart0Isr                      
00000571  Uart1Isr                      
20000448  __STACK_END                   
00000200  __STACK_SIZE                  
20000448  __STACK_TOP                   
00001ba8  __TI_CINIT_Base               
00001bb8  __TI_CINIT_Limit              
00001b94  __TI_Handler_Table_Base       
00001ba0  __TI_Handler_Table_Limit      
0000198d  __TI_auto_init_nobinit_nopinit
000018d9  __TI_decompress_lzss          
00001a59  __TI_decompress_none          
ffffffff  __TI_pprof_out_hndl           
ffffffff  __TI_prof_data_size           
ffffffff  __TI_prof_data_start          
00000000  __TI_static_base__            
00001a35  __TI_zero_init_nomemset       
0000183d  __aeabi_memcpy                
0000183d  __aeabi_memcpy4               
0000183d  __aeabi_memcpy8               
ffffffff  __binit__                     
ffffffff  __c_args__                    
UNDEFED   __mpu_init                    
20000248  __stack                       
000019d1  _c_int00_noargs               
00001a7a  _ctypes_                      
UNDEFED   _system_post_cinit            
00001a73  _system_pre_init              
00001a77  abort                         
000014bd  animationRamp                 
20000200  arg1                          
20000214  arg2                          
00001941  atoi                          
ffffffff  binit                         
2000023c  ch                            
000006d1  changeTimer1Value             
00000dbd  clearStr                      
20000228  command                       
20000450  continuous                    
20000449  dec                           
2000044e  deviceModeAddress             
20000000  dmxData                       
2000044a  enteringField                 
00000000  g_pfnVectors                  
00000941  getModeEE                     
00000921  getcUart0                     
20000448  i                             
2000045b  incr                          
0000026d  initHw                        
00000853  intToChar                     
00000e7f  isLetter                      
00000eb9  isNumber                      
00001595  main                          
2000044c  maxAddress                    
0000183d  memcpy                        
20000451  mode                          
000009ed  parseCommand                  
2000044b  pos                           
00000fa9  printCommandList              
000008c1  putcUart0                     
000006ad  putcUart1                     
000008e5  putsUart0                     
20000452  rxError                       
20000456  rxState                       
20000459  seconds                       
00001a09  strcmp                        
00001a21  strlen                        
00001a49  tolower                       
20000240  up                            
2000045a  vall                          
00001015  waitMicrosecond               
20000458  woo                           
00001483  wooone                        


GLOBAL SYMBOLS: SORTED BY Symbol Address 

address   name                          
-------   ----                          
00000000  __TI_static_base__            
00000000  g_pfnVectors                  
00000200  __STACK_SIZE                  
0000026d  initHw                        
00000571  Uart1Isr                      
000006ad  putcUart1                     
000006d1  changeTimer1Value             
00000785  Timer1ISR                     
00000853  intToChar                     
000008c1  putcUart0                     
000008e5  putsUart0                     
00000921  getcUart0                     
00000941  getModeEE                     
0000098b  EEWRITE                       
000009ed  parseCommand                  
00000dbd  clearStr                      
00000e7f  isLetter                      
00000eb9  isNumber                      
00000fa9  printCommandList              
00001015  waitMicrosecond               
000011b3  Uart0Isr                      
00001483  wooone                        
000014bd  animationRamp                 
00001595  main                          
0000183d  __aeabi_memcpy                
0000183d  __aeabi_memcpy4               
0000183d  __aeabi_memcpy8               
0000183d  memcpy                        
000018d9  __TI_decompress_lzss          
00001941  atoi                          
0000198d  __TI_auto_init_nobinit_nopinit
000019d1  _c_int00_noargs               
00001a09  strcmp                        
00001a21  strlen                        
00001a35  __TI_zero_init_nomemset       
00001a49  tolower                       
00001a59  __TI_decompress_none          
00001a67  ResetISR                      
00001a73  _system_pre_init              
00001a77  C$$EXIT                       
00001a77  abort                         
00001a7a  _ctypes_                      
00001b94  __TI_Handler_Table_Base       
00001ba0  __TI_Handler_Table_Limit      
00001ba8  __TI_CINIT_Base               
00001bb8  __TI_CINIT_Limit              
20000000  dmxData                       
20000200  arg1                          
20000214  arg2                          
20000228  command                       
2000023c  ch                            
20000240  up                            
20000248  __stack                       
20000448  __STACK_END                   
20000448  __STACK_TOP                   
20000448  i                             
20000449  dec                           
2000044a  enteringField                 
2000044b  pos                           
2000044c  maxAddress                    
2000044e  deviceModeAddress             
20000450  continuous                    
20000451  mode                          
20000452  rxError                       
20000454  DMXMode                       
20000456  rxState                       
20000458  woo                           
20000459  seconds                       
2000045a  vall                          
2000045b  incr                          
2000045c  RGBMode                       
ffffffff  __TI_pprof_out_hndl           
ffffffff  __TI_prof_data_size           
ffffffff  __TI_prof_data_start          
ffffffff  __binit__                     
ffffffff  __c_args__                    
ffffffff  binit                         
UNDEFED   __mpu_init                    
UNDEFED   _system_post_cinit            

[79 symbols]
