******************************************************************************
                  TI ARM Linker PC v18.1.4                     
******************************************************************************
>> Linked Tue Apr 30 14:58:31 2019

OUTPUT FILE NAME:   <DMX512.out>
ENTRY POINT SYMBOL: "_c_int00_noargs"  address: 00001fb9


MEMORY CONFIGURATION

         name            origin    length      used     unused   attr    fill
----------------------  --------  ---------  --------  --------  ----  --------
  FLASH                 00000000   00040000  000021a3  0003de5d  R  X
  SRAM                  20000000   00008000  00000474  00007b8c  RW X


SEGMENT ALLOCATION MAP

run origin  load origin   length   init length attrs members
----------  ----------- ---------- ----------- ----- -------
00000000    00000000    000021a8   000021a8    r-x
  00000000    00000000    0000026c   0000026c    r-- .intvecs
  0000026c    0000026c    00001df6   00001df6    r-x .text
  00002062    00002062    00000101   00000101    r-- .const
  00002168    00002168    00000040   00000040    r-- .cinit
20000000    20000000    00000474   00000000    rw-
  20000000    20000000    00000258   00000000    rw- .bss
  20000258    20000258    00000200   00000000    rw- .stack
  20000458    20000458    0000001c   00000000    rw- .data


SECTION ALLOCATION MAP

 output                                  attributes/
section   page    origin      length       input sections
--------  ----  ----------  ----------   ----------------
.intvecs   0    00000000    0000026c     
                  00000000    0000026c     tm4c123gh6pm_startup_ccs.obj (.intvecs)

.text      0    0000026c    00001df6     
                  0000026c    00001bb8     satej_matthew.obj (.text)
                  00001e24    0000009c     rtsv7M4_T_le_v4SPD16_eabi.lib : memcpy_t2.asm.obj (.text)
                  00001ec0    00000068                                   : copy_decompress_lzss.c.obj (.text:decompress:lzss:__TI_decompress_lzss)
                  00001f28    0000004c                                   : atoi.c.obj (.text:atoi)
                  00001f74    00000044                                   : autoinit.c.obj (.text:__TI_auto_init_nobinit_nopinit:__TI_auto_init_nobinit_nopinit)
                  00001fb8    00000038                                   : boot_cortex_m.c.obj (.text:_c_int00_noargs:_c_int00_noargs)
                  00001ff0    00000018                                   : strcmp.c.obj (.text:strcmp)
                  00002008    00000014                                   : strlen.c.obj (.text:strlen)
                  0000201c    00000012                                   : copy_zero_init.c.obj (.text:decompress:ZI:__TI_zero_init_nomemset:__TI_zero_init_nomemset)
                  0000202e    00000002     --HOLE-- [fill = 0]
                  00002030    00000010                                   : tolower.c.obj (.text:tolower)
                  00002040    0000000e                                   : copy_decompress_none.c.obj (.text:decompress:none:__TI_decompress_none)
                  0000204e    0000000c     tm4c123gh6pm_startup_ccs.obj (.text)
                  0000205a    00000004     rtsv7M4_T_le_v4SPD16_eabi.lib : pre_init.c.obj (.text:_system_pre_init)
                  0000205e    00000004                                   : exit.c.obj (.text:abort:abort)

.const     0    00002062    00000101     
                  00002062    00000101     rtsv7M4_T_le_v4SPD16_eabi.lib : ctype.c.obj (.const:.string:_ctypes_)

.cinit     0    00002168    00000040     
                  00002168    00000015     (.cinit..data.load) [load image, compression = lzss]
                  0000217d    00000003     --HOLE-- [fill = 0]
                  00002180    0000000c     (__TI_handler_table)
                  0000218c    00000004     --HOLE-- [fill = 0]
                  00002190    00000008     (.cinit..bss.load) [load image, compression = zero_init]
                  00002198    00000010     (__TI_cinit_table)

.init_array 
*          0    00000000    00000000     UNINITIALIZED

.bss       0    20000000    00000258     UNINITIALIZED
                  20000000    00000200     (.common:dmxData)
                  20000200    00000014     (.common:arg1)
                  20000214    00000014     (.common:arg2)
                  20000228    00000014     (.common:command)
                  2000023c    00000004     (.common:ch)
                  20000240    00000004     (.common:goB)
                  20000244    00000004     (.common:goG)
                  20000248    00000004     (.common:goR)
                  2000024c    00000004     (.common:upB)
                  20000250    00000004     (.common:upG)
                  20000254    00000004     (.common:upR)

.data      0    20000458    0000001c     UNINITIALIZED
                  20000458    0000001c     satej_matthew.obj (.data)

.stack     0    20000258    00000200     UNINITIALIZED
                  20000258    00000004     rtsv7M4_T_le_v4SPD16_eabi.lib : boot_cortex_m.c.obj (.stack)
                  2000025c    000001fc     --HOLE--

MODULE SUMMARY

       Module                         code   ro data   rw data
       ------                         ----   -------   -------
    .\
       satej_matthew.obj              7096   0         628    
       tm4c123gh6pm_startup_ccs.obj   12     620       0      
    +--+------------------------------+------+---------+---------+
       Total:                         7108   620       628    
                                                              
    C:\ti\ccsv8\tools\compiler\ti-cgt-arm_18.1.4.LTS\lib\rtsv7M4_T_le_v4SPD16_eabi.lib
       ctype.c.obj                    0      257       0      
       memcpy_t2.asm.obj              156    0         0      
       copy_decompress_lzss.c.obj     104    0         0      
       atoi.c.obj                     76     0         0      
       autoinit.c.obj                 68     0         0      
       boot_cortex_m.c.obj            56     0         0      
       strcmp.c.obj                   24     0         0      
       strlen.c.obj                   20     0         0      
       copy_zero_init.c.obj           18     0         0      
       tolower.c.obj                  16     0         0      
       copy_decompress_none.c.obj     14     0         0      
       exit.c.obj                     4      0         0      
       pre_init.c.obj                 4      0         0      
    +--+------------------------------+------+---------+---------+
       Total:                         560    257       0      
                                                              
       Stack:                         0      0         512    
       Linker Generated:              0      57        0      
    +--+------------------------------+------+---------+---------+
       Grand Total:                   7668   934       1140   


LINKER GENERATED COPY TABLES

__TI_cinit_table @ 00002198 records: 2, size/record: 8, table size: 16
	.data: load addr=00002168, load size=00000015 bytes, run addr=20000458, run size=0000001c bytes, compression=lzss
	.bss: load addr=00002190, load size=00000008 bytes, run addr=20000000, run size=00000258 bytes, compression=zero_init


LINKER GENERATED HANDLER TABLE

__TI_handler_table @ 00002180 records: 3, size/record: 4, table size: 12
	index: 0, handler: __TI_decompress_lzss
	index: 1, handler: __TI_decompress_none
	index: 2, handler: __TI_zero_init


GLOBAL SYMBOLS: SORTED ALPHABETICALLY BY Name 

address   name                          
-------   ----                          
0000205f  C$$EXIT                       
20000464  DMXMode                       
00000ce1  EEWRITE                       
20000473  RGBMode                       
0000204f  ResetISR                      
00000aad  Timer1ISR                     
00000871  Timer2ISR                     
0000157b  Uart0Isr                      
00000619  Uart1Isr                      
20000458  __STACK_END                   
00000200  __STACK_SIZE                  
20000458  __STACK_TOP                   
00002198  __TI_CINIT_Base               
000021a8  __TI_CINIT_Limit              
00002180  __TI_Handler_Table_Base       
0000218c  __TI_Handler_Table_Limit      
00001f75  __TI_auto_init_nobinit_nopinit
00001ec1  __TI_decompress_lzss          
00002041  __TI_decompress_none          
ffffffff  __TI_pprof_out_hndl           
ffffffff  __TI_prof_data_size           
ffffffff  __TI_prof_data_start          
00000000  __TI_static_base__            
0000201d  __TI_zero_init_nomemset       
00001e25  __aeabi_memcpy                
00001e25  __aeabi_memcpy4               
00001e25  __aeabi_memcpy8               
ffffffff  __binit__                     
ffffffff  __c_args__                    
UNDEFED   __mpu_init                    
20000258  __stack                       
00001fb9  _c_int00_noargs               
00002062  _ctypes_                      
UNDEFED   _system_post_cinit            
0000205b  _system_pre_init              
0000205f  abort                         
000019c9  animationRamp                 
20000200  arg1                          
20000214  arg2                          
00001f29  atoi                          
ffffffff  binit                         
2000023c  ch                            
000007b1  changeTimer1Value             
00000d0d  clearDMX                      
0000117d  clearStr                      
20000228  command                       
20000460  continuous                    
20000459  dec                           
2000045e  deviceModeAddress             
20000000  dmxData                       
2000045a  enteringField                 
00000000  g_pfnVectors                  
00000c97  getModeEE                     
00000c7f  getcUart0                     
20000240  goB                           
20000244  goG                           
20000248  goR                           
20000458  i                             
20000472  incr                          
0000026d  initHw                        
00000bd5  intToChar                     
00001245  isLetter                      
0000129d  isNumber                      
00001a05  main                          
2000045c  maxAddress                    
00001e25  memcpy                        
20000462  mode                          
00000d91  parseCommand                  
2000045b  pos                           
20000461  prevRX                        
00001375  printCommandList              
00000c2d  putcUart0                     
00000795  putcUart1                     
00000c4d  putsUart0                     
20000463  rxError                       
20000466  rxState                       
20000470  seconds                       
2000046c  servoDir                      
00001ff1  strcmp                        
00002009  strlen                        
000018ad  sweepServo                    
00002031  tolower                       
2000024c  upB                           
20000250  upG                           
20000254  upR                           
20000471  vall                          
000013f1  waitMicrosecond               
20000468  woo                           
0000184b  wooone                        


GLOBAL SYMBOLS: SORTED BY Symbol Address 

address   name                          
-------   ----                          
00000000  __TI_static_base__            
00000000  g_pfnVectors                  
00000200  __STACK_SIZE                  
0000026d  initHw                        
00000619  Uart1Isr                      
00000795  putcUart1                     
000007b1  changeTimer1Value             
00000871  Timer2ISR                     
00000aad  Timer1ISR                     
00000bd5  intToChar                     
00000c2d  putcUart0                     
00000c4d  putsUart0                     
00000c7f  getcUart0                     
00000c97  getModeEE                     
00000ce1  EEWRITE                       
00000d0d  clearDMX                      
00000d91  parseCommand                  
0000117d  clearStr                      
00001245  isLetter                      
0000129d  isNumber                      
00001375  printCommandList              
000013f1  waitMicrosecond               
0000157b  Uart0Isr                      
0000184b  wooone                        
000018ad  sweepServo                    
000019c9  animationRamp                 
00001a05  main                          
00001e25  __aeabi_memcpy                
00001e25  __aeabi_memcpy4               
00001e25  __aeabi_memcpy8               
00001e25  memcpy                        
00001ec1  __TI_decompress_lzss          
00001f29  atoi                          
00001f75  __TI_auto_init_nobinit_nopinit
00001fb9  _c_int00_noargs               
00001ff1  strcmp                        
00002009  strlen                        
0000201d  __TI_zero_init_nomemset       
00002031  tolower                       
00002041  __TI_decompress_none          
0000204f  ResetISR                      
0000205b  _system_pre_init              
0000205f  C$$EXIT                       
0000205f  abort                         
00002062  _ctypes_                      
00002180  __TI_Handler_Table_Base       
0000218c  __TI_Handler_Table_Limit      
00002198  __TI_CINIT_Base               
000021a8  __TI_CINIT_Limit              
20000000  dmxData                       
20000200  arg1                          
20000214  arg2                          
20000228  command                       
2000023c  ch                            
20000240  goB                           
20000244  goG                           
20000248  goR                           
2000024c  upB                           
20000250  upG                           
20000254  upR                           
20000258  __stack                       
20000458  __STACK_END                   
20000458  __STACK_TOP                   
20000458  i                             
20000459  dec                           
2000045a  enteringField                 
2000045b  pos                           
2000045c  maxAddress                    
2000045e  deviceModeAddress             
20000460  continuous                    
20000461  prevRX                        
20000462  mode                          
20000463  rxError                       
20000464  DMXMode                       
20000466  rxState                       
20000468  woo                           
2000046c  servoDir                      
20000470  seconds                       
20000471  vall                          
20000472  incr                          
20000473  RGBMode                       
ffffffff  __TI_pprof_out_hndl           
ffffffff  __TI_prof_data_size           
ffffffff  __TI_prof_data_start          
ffffffff  __binit__                     
ffffffff  __c_args__                    
ffffffff  binit                         
UNDEFED   __mpu_init                    
UNDEFED   _system_post_cinit            

[89 symbols]
