******************************************************************************
                  TI ARM Linker PC v18.1.4                     
******************************************************************************
>> Linked Tue Apr 30 19:29:33 2019

OUTPUT FILE NAME:   <DMX512.out>
ENTRY POINT SYMBOL: "_c_int00_noargs"  address: 000024a9


MEMORY CONFIGURATION

         name            origin    length      used     unused   attr    fill
----------------------  --------  ---------  --------  --------  ----  --------
  FLASH                 00000000   00040000  000026cb  0003d935  R  X
  SRAM                  20000000   00008000  00000487  00007b79  RW X


SEGMENT ALLOCATION MAP

run origin  load origin   length   init length attrs members
----------  ----------- ---------- ----------- ----- -------
00000000    00000000    000026d0   000026d0    r-x
  00000000    00000000    0000026c   0000026c    r-- .intvecs
  0000026c    0000026c    0000231e   0000231e    r-x .text
  0000258a    0000258a    00000101   00000101    r-- .const
  00002690    00002690    00000040   00000040    r-- .cinit
20000000    20000000    00000487   00000000    rw-
  20000000    20000000    00000258   00000000    rw- .bss
  20000258    20000258    00000200   00000000    rw- .stack
  20000458    20000458    0000002f   00000000    rw- .data


SECTION ALLOCATION MAP

 output                                  attributes/
section   page    origin      length       input sections
--------  ----  ----------  ----------   ----------------
.intvecs   0    00000000    0000026c     
                  00000000    0000026c     tm4c123gh6pm_startup_ccs.obj (.intvecs)

.text      0    0000026c    0000231e     
                  0000026c    00001e84     satej_matthew.obj (.text)
                  000020f0    000001b6     rtsv7M4_T_le_v4SPD16_eabi.lib : fd_add_t2.asm.obj (.text)
                  000022a6    0000009c                                   : memcpy_t2.asm.obj (.text)
                  00002342    0000006e                                   : fd_tos_t2.asm.obj (.text)
                  000023b0    00000068                                   : copy_decompress_lzss.c.obj (.text:decompress:lzss:__TI_decompress_lzss)
                  00002418    0000004c                                   : atoi.c.obj (.text:atoi)
                  00002464    00000044                                   : autoinit.c.obj (.text:__TI_auto_init_nobinit_nopinit:__TI_auto_init_nobinit_nopinit)
                  000024a8    00000038                                   : boot_cortex_m.c.obj (.text:_c_int00_noargs:_c_int00_noargs)
                  000024e0    00000038                                   : fs_tod_t2.asm.obj (.text)
                  00002518    00000018                                   : strcmp.c.obj (.text:strcmp)
                  00002530    00000014                                   : strlen.c.obj (.text:strlen)
                  00002544    00000012                                   : copy_zero_init.c.obj (.text:decompress:ZI:__TI_zero_init_nomemset:__TI_zero_init_nomemset)
                  00002556    00000002     --HOLE-- [fill = 0]
                  00002558    00000010                                   : tolower.c.obj (.text:tolower)
                  00002568    0000000e                                   : copy_decompress_none.c.obj (.text:decompress:none:__TI_decompress_none)
                  00002576    0000000c     tm4c123gh6pm_startup_ccs.obj (.text)
                  00002582    00000004     rtsv7M4_T_le_v4SPD16_eabi.lib : pre_init.c.obj (.text:_system_pre_init)
                  00002586    00000004                                   : exit.c.obj (.text:abort:abort)

.const     0    0000258a    00000101     
                  0000258a    00000101     rtsv7M4_T_le_v4SPD16_eabi.lib : ctype.c.obj (.const:.string:_ctypes_)

.cinit     0    00002690    00000040     
                  00002690    0000001b     (.cinit..data.load) [load image, compression = lzss]
                  000026ab    00000001     --HOLE-- [fill = 0]
                  000026ac    0000000c     (__TI_handler_table)
                  000026b8    00000008     (.cinit..bss.load) [load image, compression = zero_init]
                  000026c0    00000010     (__TI_cinit_table)

.init_array 
*          0    00000000    00000000     UNINITIALIZED

.bss       0    20000000    00000258     UNINITIALIZED
                  20000000    00000200     (.common:dmxData)
                  20000200    00000014     (.common:arg1)
                  20000214    00000014     (.common:arg2)
                  20000228    00000014     (.common:command)
                  2000023c    00000004     (.common:ch)
                  20000240    00000004     (.common:goB)
                  20000244    00000004     (.common:goG)
                  20000248    00000004     (.common:goR)
                  2000024c    00000004     (.common:upB)
                  20000250    00000004     (.common:upG)
                  20000254    00000004     (.common:upR)

.data      0    20000458    0000002f     UNINITIALIZED
                  20000458    0000002f     satej_matthew.obj (.data)

.stack     0    20000258    00000200     UNINITIALIZED
                  20000258    00000004     rtsv7M4_T_le_v4SPD16_eabi.lib : boot_cortex_m.c.obj (.stack)
                  2000025c    000001fc     --HOLE--

MODULE SUMMARY

       Module                         code   ro data   rw data
       ------                         ----   -------   -------
    .\
       satej_matthew.obj              7812   0         647    
       tm4c123gh6pm_startup_ccs.obj   12     620       0      
    +--+------------------------------+------+---------+---------+
       Total:                         7824   620       647    
                                                              
    C:\ti\ccsv8\tools\compiler\ti-cgt-arm_18.1.4.LTS\lib\rtsv7M4_T_le_v4SPD16_eabi.lib
       fd_add_t2.asm.obj              438    0         0      
       ctype.c.obj                    0      257       0      
       memcpy_t2.asm.obj              156    0         0      
       fd_tos_t2.asm.obj              110    0         0      
       copy_decompress_lzss.c.obj     104    0         0      
       atoi.c.obj                     76     0         0      
       autoinit.c.obj                 68     0         0      
       boot_cortex_m.c.obj            56     0         0      
       fs_tod_t2.asm.obj              56     0         0      
       strcmp.c.obj                   24     0         0      
       strlen.c.obj                   20     0         0      
       copy_zero_init.c.obj           18     0         0      
       tolower.c.obj                  16     0         0      
       copy_decompress_none.c.obj     14     0         0      
       exit.c.obj                     4      0         0      
       pre_init.c.obj                 4      0         0      
    +--+------------------------------+------+---------+---------+
       Total:                         1164   257       0      
                                                              
       Stack:                         0      0         512    
       Linker Generated:              0      63        0      
    +--+------------------------------+------+---------+---------+
       Grand Total:                   8988   940       1159   


LINKER GENERATED COPY TABLES

__TI_cinit_table @ 000026c0 records: 2, size/record: 8, table size: 16
	.data: load addr=00002690, load size=0000001b bytes, run addr=20000458, run size=0000002f bytes, compression=lzss
	.bss: load addr=000026b8, load size=00000008 bytes, run addr=20000000, run size=00000258 bytes, compression=zero_init


LINKER GENERATED HANDLER TABLE

__TI_handler_table @ 000026ac records: 3, size/record: 4, table size: 12
	index: 0, handler: __TI_decompress_lzss
	index: 1, handler: __TI_decompress_none
	index: 2, handler: __TI_zero_init


GLOBAL SYMBOLS: SORTED ALPHABETICALLY BY Name 

address   name                          
-------   ----                          
00002587  C$$EXIT                       
2000046c  DMXMode                       
00000e3b  EEWRITE                       
20000486  RGBMode                       
00002577  ResetISR                      
00000bed  Timer1ISR                     
0000087d  Timer2ISR                     
00001821  Uart0Isr                      
00000619  Uart1Isr                      
20000458  __STACK_END                   
00000200  __STACK_SIZE                  
20000458  __STACK_TOP                   
000026c0  __TI_CINIT_Base               
000026d0  __TI_CINIT_Limit              
000026ac  __TI_Handler_Table_Base       
000026b8  __TI_Handler_Table_Limit      
00002465  __TI_auto_init_nobinit_nopinit
000023b1  __TI_decompress_lzss          
00002569  __TI_decompress_none          
ffffffff  __TI_pprof_out_hndl           
ffffffff  __TI_prof_data_size           
ffffffff  __TI_prof_data_start          
00000000  __TI_static_base__            
00002545  __TI_zero_init_nomemset       
00002343  __aeabi_d2f                   
000020fb  __aeabi_dadd                  
000020f1  __aeabi_dsub                  
000024e1  __aeabi_f2d                   
000022a7  __aeabi_memcpy                
000022a7  __aeabi_memcpy4               
000022a7  __aeabi_memcpy8               
ffffffff  __binit__                     
ffffffff  __c_args__                    
UNDEFED   __mpu_init                    
20000258  __stack                       
000024a9  _c_int00_noargs               
0000258a  _ctypes_                      
UNDEFED   _system_post_cinit            
00002583  _system_pre_init              
00002587  abort                         
00001c75  animationRamp                 
20000200  arg1                          
20000214  arg2                          
00002419  atoi                          
ffffffff  binit                         
2000023c  ch                            
000007b1  changeTimer1Value             
00000e7d  clearDMX                      
00001481  clearStr                      
20000228  command                       
20000460  continuous                    
20000459  dec                           
2000045e  deviceModeAddress             
2000047a  dimEnd                        
20000478  dimStart                      
2000047c  dimValue                      
20000000  dmxData                       
2000045a  enteringField                 
00000000  g_pfnVectors                  
00000df1  getModeEE                     
00000dbb  getcUart0                     
20000240  goB                           
20000244  goG                           
20000248  goR                           
20000458  i                             
20000485  incr                          
0000026d  initHw                        
00000d11  intToChar                     
00001511  isLetter                      
000015b1  isNumber                      
00001cb5  main                          
2000045c  maxAddress                    
000022a7  memcpy                        
20000469  mode                          
00000efd  parseCommand                  
2000045b  pos                           
20000468  prevRX                        
00001615  printCommandList              
00000d69  putcUart0                     
00000795  putcUart1                     
00000d89  putsUart0                     
2000046a  rxError                       
2000046e  rxState                       
20000480  seconds                       
20000464  secondsTrigger                
20000474  servoDir                      
00002519  strcmp                        
00002531  strlen                        
00001b55  sweepServo                    
00002559  tolower                       
2000024c  upB                           
20000250  upG                           
20000254  upR                           
20000484  vall                          
00001655  waitMicrosecond               
20000470  woo                           
00001af3  wooone                        


GLOBAL SYMBOLS: SORTED BY Symbol Address 

address   name                          
-------   ----                          
00000000  __TI_static_base__            
00000000  g_pfnVectors                  
00000200  __STACK_SIZE                  
0000026d  initHw                        
00000619  Uart1Isr                      
00000795  putcUart1                     
000007b1  changeTimer1Value             
0000087d  Timer2ISR                     
00000bed  Timer1ISR                     
00000d11  intToChar                     
00000d69  putcUart0                     
00000d89  putsUart0                     
00000dbb  getcUart0                     
00000df1  getModeEE                     
00000e3b  EEWRITE                       
00000e7d  clearDMX                      
00000efd  parseCommand                  
00001481  clearStr                      
00001511  isLetter                      
000015b1  isNumber                      
00001615  printCommandList              
00001655  waitMicrosecond               
00001821  Uart0Isr                      
00001af3  wooone                        
00001b55  sweepServo                    
00001c75  animationRamp                 
00001cb5  main                          
000020f1  __aeabi_dsub                  
000020fb  __aeabi_dadd                  
000022a7  __aeabi_memcpy                
000022a7  __aeabi_memcpy4               
000022a7  __aeabi_memcpy8               
000022a7  memcpy                        
00002343  __aeabi_d2f                   
000023b1  __TI_decompress_lzss          
00002419  atoi                          
00002465  __TI_auto_init_nobinit_nopinit
000024a9  _c_int00_noargs               
000024e1  __aeabi_f2d                   
00002519  strcmp                        
00002531  strlen                        
00002545  __TI_zero_init_nomemset       
00002559  tolower                       
00002569  __TI_decompress_none          
00002577  ResetISR                      
00002583  _system_pre_init              
00002587  C$$EXIT                       
00002587  abort                         
0000258a  _ctypes_                      
000026ac  __TI_Handler_Table_Base       
000026b8  __TI_Handler_Table_Limit      
000026c0  __TI_CINIT_Base               
000026d0  __TI_CINIT_Limit              
20000000  dmxData                       
20000200  arg1                          
20000214  arg2                          
20000228  command                       
2000023c  ch                            
20000240  goB                           
20000244  goG                           
20000248  goR                           
2000024c  upB                           
20000250  upG                           
20000254  upR                           
20000258  __stack                       
20000458  __STACK_END                   
20000458  __STACK_TOP                   
20000458  i                             
20000459  dec                           
2000045a  enteringField                 
2000045b  pos                           
2000045c  maxAddress                    
2000045e  deviceModeAddress             
20000460  continuous                    
20000464  secondsTrigger                
20000468  prevRX                        
20000469  mode                          
2000046a  rxError                       
2000046c  DMXMode                       
2000046e  rxState                       
20000470  woo                           
20000474  servoDir                      
20000478  dimStart                      
2000047a  dimEnd                        
2000047c  dimValue                      
20000480  seconds                       
20000484  vall                          
20000485  incr                          
20000486  RGBMode                       
ffffffff  __TI_pprof_out_hndl           
ffffffff  __TI_prof_data_size           
ffffffff  __TI_prof_data_start          
ffffffff  __binit__                     
ffffffff  __c_args__                    
ffffffff  binit                         
UNDEFED   __mpu_init                    
UNDEFED   _system_post_cinit            

[97 symbols]
