******************************************************************************
                  TI ARM Linker PC v18.1.4                     
******************************************************************************
>> Linked Mon Apr  8 20:55:08 2019

OUTPUT FILE NAME:   <DMX512.out>
ENTRY POINT SYMBOL: "_c_int00_noargs"  address: 00000ed1


MEMORY CONFIGURATION

         name            origin    length      used     unused   attr    fill
----------------------  --------  ---------  --------  --------  ----  --------
  FLASH                 00000000   00040000  000010b3  0003ef4d  R  X
  SRAM                  20000000   00008000  0000044b  00007bb5  RW X


SEGMENT ALLOCATION MAP

run origin  load origin   length   init length attrs members
----------  ----------- ---------- ----------- ----- -------
00000000    00000000    000010b8   000010b8    r-x
  00000000    00000000    0000026c   0000026c    r-- .intvecs
  0000026c    0000026c    00000d0e   00000d0e    r-x .text
  00000f7a    00000f7a    00000101   00000101    r-- .const
  00001080    00001080    00000038   00000038    r-- .cinit
20000000    20000000    0000044f   00000000    rw-
  20000000    20000000    0000023c   00000000    rw- .bss
  20000240    20000240    00000200   00000000    rw- .stack
  20000440    20000440    0000000f   00000000    rw- .data


SECTION ALLOCATION MAP

 output                                  attributes/
section   page    origin      length       input sections
--------  ----  ----------  ----------   ----------------
.intvecs   0    00000000    0000026c     
                  00000000    0000026c     tm4c123gh6pm_startup_ccs.obj (.intvecs)

.text      0    0000026c    00000d0e     
                  0000026c    00000ad0     satej_matthew.obj (.text)
                  00000d3c    0000009c     rtsv7M4_T_le_v4SPD16_eabi.lib : memcpy_t2.asm.obj (.text)
                  00000dd8    00000068                                   : copy_decompress_lzss.c.obj (.text:decompress:lzss:__TI_decompress_lzss)
                  00000e40    0000004c                                   : atoi.c.obj (.text:atoi)
                  00000e8c    00000044                                   : autoinit.c.obj (.text:__TI_auto_init_nobinit_nopinit:__TI_auto_init_nobinit_nopinit)
                  00000ed0    00000038                                   : boot_cortex_m.c.obj (.text:_c_int00_noargs:_c_int00_noargs)
                  00000f08    00000018                                   : strcmp.c.obj (.text:strcmp)
                  00000f20    00000014                                   : strlen.c.obj (.text:strlen)
                  00000f34    00000012                                   : copy_zero_init.c.obj (.text:decompress:ZI:__TI_zero_init_nomemset:__TI_zero_init_nomemset)
                  00000f46    00000002     --HOLE-- [fill = 0]
                  00000f48    00000010                                   : tolower.c.obj (.text:tolower)
                  00000f58    0000000e                                   : copy_decompress_none.c.obj (.text:decompress:none:__TI_decompress_none)
                  00000f66    0000000c     tm4c123gh6pm_startup_ccs.obj (.text)
                  00000f72    00000004     rtsv7M4_T_le_v4SPD16_eabi.lib : pre_init.c.obj (.text:_system_pre_init)
                  00000f76    00000004                                   : exit.c.obj (.text:abort:abort)

.const     0    00000f7a    00000101     
                  00000f7a    00000101     rtsv7M4_T_le_v4SPD16_eabi.lib : ctype.c.obj (.const:.string:_ctypes_)

.cinit     0    00001080    00000038     
                  00001080    00000010     (.cinit..data.load) [load image, compression = lzss]
                  00001090    0000000c     (__TI_handler_table)
                  0000109c    00000004     --HOLE-- [fill = 0]
                  000010a0    00000008     (.cinit..bss.load) [load image, compression = zero_init]
                  000010a8    00000010     (__TI_cinit_table)

.init_array 
*          0    00000000    00000000     UNINITIALIZED

.bss       0    20000000    0000023c     UNINITIALIZED
                  20000000    00000200     (.common:dmxData)
                  20000200    00000014     (.common:arg1)
                  20000214    00000014     (.common:arg2)
                  20000228    00000014     (.common:command)

.data      0    20000440    0000000f     UNINITIALIZED
                  20000440    0000000f     satej_matthew.obj (.data)

.stack     0    20000240    00000200     UNINITIALIZED
                  20000240    00000004     rtsv7M4_T_le_v4SPD16_eabi.lib : boot_cortex_m.c.obj (.stack)
                  20000244    000001fc     --HOLE--

MODULE SUMMARY

       Module                         code   ro data   rw data
       ------                         ----   -------   -------
    .\
       satej_matthew.obj              2768   0         587    
       tm4c123gh6pm_startup_ccs.obj   12     620       0      
    +--+------------------------------+------+---------+---------+
       Total:                         2780   620       587    
                                                              
    C:\ti\ccsv8\tools\compiler\ti-cgt-arm_18.1.4.LTS\lib\rtsv7M4_T_le_v4SPD16_eabi.lib
       ctype.c.obj                    0      257       0      
       memcpy_t2.asm.obj              156    0         0      
       copy_decompress_lzss.c.obj     104    0         0      
       atoi.c.obj                     76     0         0      
       autoinit.c.obj                 68     0         0      
       boot_cortex_m.c.obj            56     0         0      
       strcmp.c.obj                   24     0         0      
       strlen.c.obj                   20     0         0      
       copy_zero_init.c.obj           18     0         0      
       tolower.c.obj                  16     0         0      
       copy_decompress_none.c.obj     14     0         0      
       exit.c.obj                     4      0         0      
       pre_init.c.obj                 4      0         0      
    +--+------------------------------+------+---------+---------+
       Total:                         560    257       0      
                                                              
       Stack:                         0      0         512    
       Linker Generated:              0      52        0      
    +--+------------------------------+------+---------+---------+
       Grand Total:                   3340   929       1099   


LINKER GENERATED COPY TABLES

__TI_cinit_table @ 000010a8 records: 2, size/record: 8, table size: 16
	.data: load addr=00001080, load size=00000010 bytes, run addr=20000440, run size=0000000f bytes, compression=lzss
	.bss: load addr=000010a0, load size=00000008 bytes, run addr=20000000, run size=0000023c bytes, compression=zero_init


LINKER GENERATED HANDLER TABLE

__TI_handler_table @ 00001090 records: 3, size/record: 4, table size: 12
	index: 0, handler: __TI_decompress_lzss
	index: 1, handler: __TI_decompress_none
	index: 2, handler: __TI_zero_init


GLOBAL SYMBOLS: SORTED ALPHABETICALLY BY Name 

address   name                          
-------   ----                          
00000f77  C$$EXIT                       
2000044e  DMXMode                       
00000f67  ResetISR                      
000003e1  Timer1ISR                     
000009dd  Uart0Isr                      
20000440  __STACK_END                   
00000200  __STACK_SIZE                  
20000440  __STACK_TOP                   
000010a8  __TI_CINIT_Base               
000010b8  __TI_CINIT_Limit              
00001090  __TI_Handler_Table_Base       
0000109c  __TI_Handler_Table_Limit      
00000e8d  __TI_auto_init_nobinit_nopinit
00000dd9  __TI_decompress_lzss          
00000f59  __TI_decompress_none          
ffffffff  __TI_pprof_out_hndl           
ffffffff  __TI_prof_data_size           
ffffffff  __TI_prof_data_start          
00000000  __TI_static_base__            
00000f35  __TI_zero_init_nomemset       
00000d3d  __aeabi_memcpy                
00000d3d  __aeabi_memcpy4               
00000d3d  __aeabi_memcpy8               
ffffffff  __binit__                     
ffffffff  __c_args__                    
UNDEFED   __mpu_init                    
20000240  __stack                       
00000ed1  _c_int00_noargs               
00000f7a  _ctypes_                      
UNDEFED   _system_post_cinit            
00000f73  _system_pre_init              
00000f77  abort                         
20000200  arg1                          
20000214  arg2                          
00000e41  atoi                          
ffffffff  binit                         
000003b7  changeTimerValue              
00000789  clearStr                      
20000228  command                       
2000044c  continuous                    
20000448  deviceModeAddress             
20000000  dmxData                       
20000440  enteringField                 
00000000  g_pfnVectors                  
00000539  getcUart0                     
0000026d  initHw                        
000007e5  isLetter                      
00000821  isNumber                      
00000c53  main                          
20000444  maxAddress                    
00000d3d  memcpy                        
2000044d  mode                          
000005f5  parseCommand                  
20000441  pos                           
000004eb  putcUart0                     
0000039b  putcUart1                     
00000507  putsUart0                     
00000f09  strcmp                        
00000f21  strlen                        
00000f49  tolower                       
0000084d  waitMicrosecond               


GLOBAL SYMBOLS: SORTED BY Symbol Address 

address   name                          
-------   ----                          
00000000  __TI_static_base__            
00000000  g_pfnVectors                  
00000200  __STACK_SIZE                  
0000026d  initHw                        
0000039b  putcUart1                     
000003b7  changeTimerValue              
000003e1  Timer1ISR                     
000004eb  putcUart0                     
00000507  putsUart0                     
00000539  getcUart0                     
000005f5  parseCommand                  
00000789  clearStr                      
000007e5  isLetter                      
00000821  isNumber                      
0000084d  waitMicrosecond               
000009dd  Uart0Isr                      
00000c53  main                          
00000d3d  __aeabi_memcpy                
00000d3d  __aeabi_memcpy4               
00000d3d  __aeabi_memcpy8               
00000d3d  memcpy                        
00000dd9  __TI_decompress_lzss          
00000e41  atoi                          
00000e8d  __TI_auto_init_nobinit_nopinit
00000ed1  _c_int00_noargs               
00000f09  strcmp                        
00000f21  strlen                        
00000f35  __TI_zero_init_nomemset       
00000f49  tolower                       
00000f59  __TI_decompress_none          
00000f67  ResetISR                      
00000f73  _system_pre_init              
00000f77  C$$EXIT                       
00000f77  abort                         
00000f7a  _ctypes_                      
00001090  __TI_Handler_Table_Base       
0000109c  __TI_Handler_Table_Limit      
000010a8  __TI_CINIT_Base               
000010b8  __TI_CINIT_Limit              
20000000  dmxData                       
20000200  arg1                          
20000214  arg2                          
20000228  command                       
20000240  __stack                       
20000440  __STACK_END                   
20000440  __STACK_TOP                   
20000440  enteringField                 
20000441  pos                           
20000444  maxAddress                    
20000448  deviceModeAddress             
2000044c  continuous                    
2000044d  mode                          
2000044e  DMXMode                       
ffffffff  __TI_pprof_out_hndl           
ffffffff  __TI_prof_data_size           
ffffffff  __TI_prof_data_start          
ffffffff  __binit__                     
ffffffff  __c_args__                    
ffffffff  binit                         
UNDEFED   __mpu_init                    
UNDEFED   _system_post_cinit            

[61 symbols]
